Component: Arm Compiler for Embedded 6.19 Tool: armlink [5e73cb00]

==============================================================================

Section Cross References

    lcd16x2.o(.text) refers (Special) to _printf_percent.o(.ARM.Collect$$_printf_percent$$00000000) for _printf_percent
    lcd16x2.o(.text) refers (Special) to _printf_f.o(.ARM.Collect$$_printf_percent$$00000003) for _printf_f
    lcd16x2.o(.text) refers (Special) to printf1.o(x$fpl$printf1) for _printf_fp_dec
    lcd16x2.o(.text.lcd16x2_init) refers (Special) to _printf_percent.o(.ARM.Collect$$_printf_percent$$00000000) for _printf_percent
    lcd16x2.o(.text.lcd16x2_init) refers (Special) to _printf_f.o(.ARM.Collect$$_printf_percent$$00000003) for _printf_f
    lcd16x2.o(.text.lcd16x2_init) refers (Special) to printf1.o(x$fpl$printf1) for _printf_fp_dec
    lcd16x2.o(.text.lcd16x2_init) refers to stm32f10x_rcc.o(.text.RCC_APB2PeriphClockCmd) for RCC_APB2PeriphClockCmd
    lcd16x2.o(.text.lcd16x2_init) refers to lcd16x2.o(.bss.GPIO_InitStruct) for GPIO_InitStruct
    lcd16x2.o(.text.lcd16x2_init) refers to stm32f10x_gpio.o(.text.GPIO_Init) for GPIO_Init
    lcd16x2.o(.text.lcd16x2_init) refers to delay.o(.text.delay_us) for delay_us
    lcd16x2.o(.text.lcd16x2_init) refers to lcd16x2.o(.text.lcd16x2_wait_busy) for lcd16x2_wait_busy
    lcd16x2.o(.text.lcd16x2_init) refers to lcd16x2.o(.bss.display_cursor_on_off_control) for display_cursor_on_off_control
    lcd16x2.o(.text.lcd16x2_init) refers to lcd16x2.o(.text.lcd16x2_write) for lcd16x2_write
    lcd16x2.o(.ARM.exidx.text.lcd16x2_init) refers (Special) to _printf_percent.o(.ARM.Collect$$_printf_percent$$00000000) for _printf_percent
    lcd16x2.o(.ARM.exidx.text.lcd16x2_init) refers (Special) to _printf_f.o(.ARM.Collect$$_printf_percent$$00000003) for _printf_f
    lcd16x2.o(.ARM.exidx.text.lcd16x2_init) refers (Special) to printf1.o(x$fpl$printf1) for _printf_fp_dec
    lcd16x2.o(.ARM.exidx.text.lcd16x2_init) refers to lcd16x2.o(.text.lcd16x2_init) for [Anonymous Symbol]
    lcd16x2.o(.text.lcd16x2_write_command) refers (Special) to _printf_percent.o(.ARM.Collect$$_printf_percent$$00000000) for _printf_percent
    lcd16x2.o(.text.lcd16x2_write_command) refers (Special) to _printf_f.o(.ARM.Collect$$_printf_percent$$00000003) for _printf_f
    lcd16x2.o(.text.lcd16x2_write_command) refers (Special) to printf1.o(x$fpl$printf1) for _printf_fp_dec
    lcd16x2.o(.text.lcd16x2_write_command) refers to lcd16x2.o(.text.lcd16x2_wait_busy) for lcd16x2_wait_busy
    lcd16x2.o(.text.lcd16x2_write_command) refers to lcd16x2.o(.text.lcd16x2_write) for lcd16x2_write
    lcd16x2.o(.ARM.exidx.text.lcd16x2_write_command) refers (Special) to _printf_percent.o(.ARM.Collect$$_printf_percent$$00000000) for _printf_percent
    lcd16x2.o(.ARM.exidx.text.lcd16x2_write_command) refers (Special) to _printf_f.o(.ARM.Collect$$_printf_percent$$00000003) for _printf_f
    lcd16x2.o(.ARM.exidx.text.lcd16x2_write_command) refers (Special) to printf1.o(x$fpl$printf1) for _printf_fp_dec
    lcd16x2.o(.ARM.exidx.text.lcd16x2_write_command) refers to lcd16x2.o(.text.lcd16x2_write_command) for [Anonymous Symbol]
    lcd16x2.o(.text.lcd16x2_clrscr) refers (Special) to _printf_percent.o(.ARM.Collect$$_printf_percent$$00000000) for _printf_percent
    lcd16x2.o(.text.lcd16x2_clrscr) refers (Special) to _printf_f.o(.ARM.Collect$$_printf_percent$$00000003) for _printf_f
    lcd16x2.o(.text.lcd16x2_clrscr) refers (Special) to printf1.o(x$fpl$printf1) for _printf_fp_dec
    lcd16x2.o(.text.lcd16x2_clrscr) refers to lcd16x2.o(.text.lcd16x2_wait_busy) for lcd16x2_wait_busy
    lcd16x2.o(.text.lcd16x2_clrscr) refers to lcd16x2.o(.bss.GPIO_InitStruct) for GPIO_InitStruct
    lcd16x2.o(.text.lcd16x2_clrscr) refers to stm32f10x_gpio.o(.text.GPIO_Init) for GPIO_Init
    lcd16x2.o(.text.lcd16x2_clrscr) refers to delay.o(.text.delay_us) for delay_us
    lcd16x2.o(.ARM.exidx.text.lcd16x2_clrscr) refers (Special) to _printf_percent.o(.ARM.Collect$$_printf_percent$$00000000) for _printf_percent
    lcd16x2.o(.ARM.exidx.text.lcd16x2_clrscr) refers (Special) to _printf_f.o(.ARM.Collect$$_printf_percent$$00000003) for _printf_f
    lcd16x2.o(.ARM.exidx.text.lcd16x2_clrscr) refers (Special) to printf1.o(x$fpl$printf1) for _printf_fp_dec
    lcd16x2.o(.ARM.exidx.text.lcd16x2_clrscr) refers to lcd16x2.o(.text.lcd16x2_clrscr) for [Anonymous Symbol]
    lcd16x2.o(.text.lcd16x2_entry_inc) refers (Special) to _printf_percent.o(.ARM.Collect$$_printf_percent$$00000000) for _printf_percent
    lcd16x2.o(.text.lcd16x2_entry_inc) refers (Special) to _printf_f.o(.ARM.Collect$$_printf_percent$$00000003) for _printf_f
    lcd16x2.o(.text.lcd16x2_entry_inc) refers (Special) to printf1.o(x$fpl$printf1) for _printf_fp_dec
    lcd16x2.o(.text.lcd16x2_entry_inc) refers to lcd16x2.o(.text.lcd16x2_wait_busy) for lcd16x2_wait_busy
    lcd16x2.o(.text.lcd16x2_entry_inc) refers to lcd16x2.o(.bss.GPIO_InitStruct) for GPIO_InitStruct
[...]

Image Symbol Table

    Local Symbols

    Symbol Name                              Value     Ov Type        Size  Object(Section)

    ../clib/angel/boardlib.s                 0x00000000   Number         0  boardinit1.o ABSOLUTE
    ../clib/angel/boardlib.s                 0x00000000   Number         0  boardinit2.o ABSOLUTE
    ../clib/angel/boardlib.s                 0x00000000   Number         0  boardinit3.o ABSOLUTE
    ../clib/angel/boardlib.s                 0x00000000   Number         0  boardshut.o ABSOLUTE
    ../clib/angel/handlers.s                 0x00000000   Number         0  __scatter_copy.o ABSOLUTE
    ../clib/angel/handlers.s                 0x00000000   Number         0  __scatter_zi.o ABSOLUTE
    ../clib/angel/kernel.s                   0x00000000   Number         0  __rtentry.o ABSOLUTE
    ../clib/angel/kernel.s                   0x00000000   Number         0  __rtentry2.o ABSOLUTE
    ../clib/angel/kernel.s                   0x00000000   Number         0  __rtentry4.o ABSOLUTE
    ../clib/angel/kernel.s                   0x00000000   Number         0  rtexit.o ABSOLUTE
    ../clib/angel/kernel.s                   0x00000000   Number         0  rtexit2.o ABSOLUTE
    ../clib/angel/rt.s                       0x00000000   Number         0  rt_locale.o ABSOLUTE
    ../clib/angel/rt.s                       0x00000000   Number         0  rt_locale_intlibspace.o ABSOLUTE
    ../clib/angel/rt.s                       0x00000000   Number         0  rt_errno_addr.o ABSOLUTE
    ../clib/angel/rt.s                       0x00000000   Number         0  rt_errno_addr_intlibspace.o ABSOLUTE
    ../clib/angel/rt.s                       0x00000000   Number         0  rt_raise.o ABSOLUTE
    ../clib/angel/scatter.s                  0x00000000   Number         0  __scatter.o ABSOLUTE
    ../clib/angel/startup.s                  0x00000000   Number         0  __main.o ABSOLUTE
    ../clib/angel/sys.s                      0x00000000   Number         0  libspace.o ABSOLUTE
    ../clib/angel/sys.s                      0x00000000   Number         0  sys_stackheap_outer.o ABSOLUTE
    ../clib/angel/sys.s                      0x00000000   Number         0  use_no_semi.o ABSOLUTE
    ../clib/angel/sys.s                      0x00000000   Number         0  indicate_semi.o ABSOLUTE
    ../clib/angel/sysapp.c                   0x00000000   Number         0  sys_command.o ABSOLUTE
    ../clib/angel/sysapp.c                   0x00000000   Number         0  sys_exit.o ABSOLUTE
    ../clib/angel/sysapp.c                   0x00000000   Number         0  sys_command_hlt.o ABSOLUTE
    ../clib/angel/sysapp.c                   0x00000000   Number         0  sys_exit_hlt.o ABSOLUTE
    ../clib/angel/sysapp.c                   0x00000000   Number         0  sys_wrch.o ABSOLUTE
    ../clib/angel/sysapp.c                   0x00000000   Number         0  sys_wrch_hlt.o ABSOLUTE
    ../clib/armsys.c                         0x00000000   Number         0  argv_veneer.o ABSOLUTE
    ../clib/armsys.c                         0x00000000   Number         0  argv_veneer.o ABSOLUTE
    ../clib/armsys.c                         0x00000000   Number         0  _get_argv_nomalloc.o ABSOLUTE
    ../clib/armsys.c                         0x00000000   Number         0  no_argv.o ABSOLUTE
    ../clib/bigflt.c                         0x00000000   Number         0  bigflt0.o ABSOLUTE
    ../clib/btod.s                           0x00000000   Number         0  btod.o ABSOLUTE
    ../clib/btod_accurate.c                  0x00000000   Number         0  btod_accurate.o ABSOLUTE
    ../clib/btod_accurate.c                  0x00000000   Number         0  btod_accurate_common.o ABSOLUTE
    ../clib/fenv.c                           0x00000000   Number         0  _rserrno.o ABSOLUTE
    ../clib/heapalloc.c                      0x00000000   Number         0  hrguard.o ABSOLUTE
    ../clib/heapaux.c                        0x00000000   Number         0  heapauxi.o ABSOLUTE
    ../clib/libinit.s                        0x00000000   Number         0  libinit.o ABSOLUTE
    ../clib/libinit.s                        0x00000000   Number         0  libinit2.o ABSOLUTE
    ../clib/libinit.s                        0x00000000   Number         0  libshutdown.o ABSOLUTE
    ../clib/libinit.s                        0x00000000   Number         0  libshutdown2.o ABSOLUTE
    ../clib/locale.s                         0x00000000   Number         0  lc_numeric_c.o ABSOLUTE
    ../clib/longlong.s                       0x00000000   Number         0  lludiv10.o ABSOLUTE
    ../clib/longlong.s                       0x00000000   Number         0  llushr.o ABSOLUTE
    ../clib/memcpset.s                       0x00000000   Number         0  strcmpv7m.o ABSOLUTE
    ../clib/misc.s                           0x00000000   Number         0  printf_stubs.o ABSOLUTE
    ../clib/printf.c                         0x00000000   Number         0  __2sprintf.o ABSOLUTE
    ../clib/printf.c                         0x00000000   Number         0  noretval__2sprintf.o ABSOLUTE
    ../clib/printf.c                         0x00000000   Number         0  __printf.o ABSOLUTE
    ../clib/printf.c                         0x00000000   Number         0  __printf_flags.o ABSOLUTE
    ../clib/printf.c                         0x00000000   Number         0  __printf_ss.o ABSOLUTE
    ../clib/printf.c                         0x00000000   Number         0  __printf_flags_ss.o ABSOLUTE
    ../clib/printf.c                         0x00000000   Number         0  __printf_wp.o ABSOLUTE
    ../clib/printf.c                         0x00000000   Number         0  __printf_flags_wp.o ABSOLUTE
    ../clib/printf.c                         0x00000000   Number         0  __printf_ss_wp.o ABSOLUTE
    ../clib/printf.c                         0x00000000   Number         0  __printf_flags_ss_wp.o ABSOLUTE
    ../clib/printf.c                         0x00000000   Number         0  _printf_fp_dec.o ABSOLUTE
    ../clib/printf.c                         0x00000000   Number         0  _printf_fp_dec_accurate.o ABSOLUTE
    ../clib/printf.c                         0x00000000   Number         0  _printf_char_common.o ABSOLUTE
    ../clib/printf.c                         0x00000000   Number         0  _sputc.o ABSOLUTE
    ../clib/printf.c                         0x00000000   Number         0  _printf_fp_infnan.o ABSOLUTE
    ../clib/printf.c                         0x00000000   Number         0  __printf_nopercent.o ABSOLUTE
    ../clib/printf_percent.s                 0x00000000   Number         0  _printf_f.o ABSOLUTE
    ../clib/printf_percent.s                 0x00000000   Number         0  _printf_percent.o ABSOLUTE
    ../clib/printf_percent.s                 0x00000000   Number         0  _printf_percent_end.o ABSOLUTE
    ../clib/signal.c                         0x00000000   Number         0  defsig_rtmem_outer.o ABSOLUTE
    ../clib/signal.c                         0x00000000   Number         0  defsig_rtmem_formal.o ABSOLUTE
    ../clib/signal.c                         0x00000000   Number         0  defsig_exit.o ABSOLUTE
    ../clib/signal.c                         0x00000000   Number         0  defsig_rtmem_inner.o ABSOLUTE
    ../clib/signal.c                         0x00000000   Number         0  __raise.o ABSOLUTE
    ../clib/signal.c                         0x00000000   Number         0  defsig_general.o ABSOLUTE
    ../clib/signal.c                         0x00000000   Number         0  defsig_abrt_inner.o ABSOLUTE
    ../clib/signal.c                         0x00000000   Number         0  defsig_fpe_inner.o ABSOLUTE
    ../clib/signal.c                         0x00000000   Number         0  defsig_rtred_inner.o ABSOLUTE
    ../clib/signal.c                         0x00000000   Number         0  defsig_stak_inner.o ABSOLUTE
    ../clib/signal.c                         0x00000000   Number         0  defsig_pvfn_inner.o ABSOLUTE
    ../clib/signal.c                         0x00000000   Number         0  defsig_cppl_inner.o ABSOLUTE
    ../clib/signal.c                         0x00000000   Number         0  defsig_segv_inner.o ABSOLUTE
    ../clib/signal.c                         0x00000000   Number         0  defsig_other.o ABSOLUTE
    ../clib/signal.s                         0x00000000   Number         0  defsig.o ABSOLUTE
    ../clib/stdlib.c                         0x00000000   Number         0  exit.o ABSOLUTE
    ../fplib/d2f.s                           0x00000000   Number         0  d2f.o ABSOLUTE
    ../fplib/dflt.s                          0x00000000   Number         0  dflt_clz.o ABSOLUTE
    ../fplib/dmul.s                          0x00000000   Number         0  dmul.o ABSOLUTE
    ../fplib/dnaninf.s                       0x00000000   Number         0  dnaninf.o ABSOLUTE
    ../fplib/dretinf.s                       0x00000000   Number         0  dretinf.o ABSOLUTE
    ../fplib/faddsub.s                       0x00000000   Number         0  faddsub_clz.o ABSOLUTE
    ../fplib/fcmp.s                          0x00000000   Number         0  fcmp.o ABSOLUTE
    ../fplib/fcmpi.s                         0x00000000   Number         0  fcmpi.o ABSOLUTE
    ../fplib/fdiv.s                          0x00000000   Number         0  fdiv.o ABSOLUTE
    ../fplib/feqf.s                          0x00000000   Number         0  feqf.o ABSOLUTE
    ../fplib/fgeqf.s                         0x00000000   Number         0  fgeqf.o ABSOLUTE
    ../fplib/fleqf.s                         0x00000000   Number         0  fleqf.o ABSOLUTE
    ../fplib/fmul.s                          0x00000000   Number         0  fmul.o ABSOLUTE
    ../fplib/fnaninf.s                       0x00000000   Number         0  fnaninf.o ABSOLUTE
    ../fplib/fpinit.s                        0x00000000   Number         0  fpinit.o ABSOLUTE
    ../fplib/fpinit_empty.s                  0x00000000   Number         0  fpinit_empty.o ABSOLUTE
    ../fplib/fretinf.s                       0x00000000   Number         0  fretinf.o ABSOLUTE
    ../fplib/fsqrt.s                         0x00000000   Number         0  fsqrt.o ABSOLUTE
    ../fplib/istatus.s                       0x00000000   Number         0  istatus.o ABSOLUTE
    ../fplib/printf1.s                       0x00000000   Number         0  printf1.o ABSOLUTE
    ../fplib/usenofp.s                       0x00000000   Number         0  usenofp.o ABSOLUTE
    ../mathlib/fpclassify.c                  0x00000000   Number         0  fpclassify.o ABSOLUTE
    ../mathlib/sqrtf.c                       0x00000000   Number         0  sqrtf.o ABSOLUTE
    GPIO_STM32F10x.c                         0x00000000   Number         0  gpio_stm32f10x.o ABSOLUTE
    RTE/Device/STM32F103C6/startup_stm32f10x_ld.s 0x00000000   Number         0  startup_stm32f10x_ld.o ABSOLUTE
    Systick.c                                0x00000000   Number         0  systick.o ABSOLUTE
    dc.s                                     0x00000000   Number         0  dc.o ABSOLUTE
    delay.c                                  0x00000000   Number         0  delay.o ABSOLUTE
    i2c.c                                    0x00000000   Number         0  i2c.o ABSOLUTE
    i2c_mpu6050.c                            0x00000000   Number         0  i2c_mpu6050.o ABSOLUTE
    interrupt.c                              0x00000000   Number         0  interrupt.o ABSOLUTE
    lcd16x2.c                                0x00000000   Number         0  lcd16x2.o ABSOLUTE
    led.c                                    0x00000000   Number         0  led.o ABSOLUTE
    main.c                                   0x00000000   Number         0  main.o ABSOLUTE
    misc.c                                   0x00000000   Number         0  misc.o ABSOLUTE
    stm32f10x_exti.c                         0x00000000   Number         0  stm32f10x_exti.o ABSOLUTE
    stm32f10x_gpio.c                         0x00000000   Number         0  stm32f10x_gpio.o ABSOLUTE
    stm32f10x_i2c.c                          0x00000000   Number         0  stm32f10x_i2c.o ABSOLUTE
    stm32f10x_rcc.c                          0x00000000   Number         0  stm32f10x_rcc.o ABSOLUTE
    stm32f10x_tim.c                          0x00000000   Number         0  stm32f10x_tim.o ABSOLUTE
    system_stm32f10x.c                       0x00000000   Number         0  system_stm32f10x.o ABSOLUTE
    RESET                                    0x08000000   Section      236  startup_stm32f10x_ld.o(RESET)
    !!!main                                  0x080000ec   Section        8  __main.o(!!!main)
    !!!scatter                               0x080000f4   Section       52  __scatter.o(!!!scatter)
    !!handler_copy                           0x08000128   Section       26  __scatter_copy.o(!!handler_copy)
    !!handler_zi                             0x08000144   Section       28  __scatter_zi.o(!!handler_zi)
    .ARM.Collect$$_printf_percent$$00000000  0x08000160   Section        0  _printf_percent.o(.ARM.Collect$$_printf_percent$$00000000)
    .ARM.Collect$$_printf_percent$$00000003  0x08000160   Section        6  _printf_f.o(.ARM.Collect$$_printf_percent$$00000003)
    .ARM.Collect$$_printf_percent$$00000017  0x08000166   Section        4  _printf_percent_end.o(.ARM.Collect$$_printf_percent$$00000017)
    .ARM.Collect$$libinit$$00000000          0x0800016a   Section        2  libinit.o(.ARM.Collect$$libinit$$00000000)
    .ARM.Collect$$libinit$$00000002          0x0800016c   Section        0  libinit2.o(.ARM.Collect$$libinit$$00000002)
    .ARM.Collect$$libinit$$00000004          0x0800016c   Section        0  libinit2.o(.ARM.Collect$$libinit$$00000004)
    .ARM.Collect$$libinit$$00000006          0x0800016c   Section        0  libinit2.o(.ARM.Collect$$libinit$$00000006)
    .ARM.Collect$$libinit$$0000000C          0x0800016c   Section        0  libinit2.o(.ARM.Collect$$libinit$$0000000C)
    .ARM.Collect$$libinit$$0000000E          0x0800016c   Section        0  libinit2.o(.ARM.Collect$$libinit$$0000000E)
    .ARM.Collect$$libinit$$00000010          0x0800016c   Section        0  libinit2.o(.ARM.Collect$$libinit$$00000010)
    .ARM.Collect$$libinit$$00000011          0x0800016c   Section        6  libinit2.o(.ARM.Collect$$libinit$$00000011)
    .ARM.Collect$$libinit$$00000013          0x08000172   Section        0  libinit2.o(.ARM.Collect$$libinit$$00000013)
    .ARM.Collect$$libinit$$00000015          0x08000172   Section        0  libinit2.o(.ARM.Collect$$libinit$$00000015)
    .ARM.Collect$$libinit$$00000017          0x08000172   Section        0  libinit2.o(.ARM.Collect$$libinit$$00000017)
    .ARM.Collect$$libinit$$00000018          0x08000172   Section       10  libinit2.o(.ARM.Collect$$libinit$$00000018)
    .ARM.Collect$$libinit$$00000019          0x0800017c   Section        0  libinit2.o(.ARM.Collect$$libinit$$00000019)
    .ARM.Collect$$libinit$$0000001B          0x0800017c   Section        0  libinit2.o(.ARM.Collect$$libinit$$0000001B)
    .ARM.Collect$$libinit$$0000001D          0x0800017c   Section        0  libinit2.o(.ARM.Collect$$libinit$$0000001D)
    .ARM.Collect$$libinit$$0000001F          0x0800017c   Section        0  libinit2.o(.ARM.Collect$$libinit$$0000001F)
    .ARM.Collect$$libinit$$00000021          0x0800017c   Section        0  libinit2.o(.ARM.Collect$$libinit$$00000021)
    .ARM.Collect$$libinit$$00000023          0x0800017c   Section        0  libinit2.o(.ARM.Collect$$libinit$$00000023)
    .ARM.Collect$$libinit$$00000025          0x0800017c   Section        0  libinit2.o(.ARM.Collect$$libinit$$00000025)
    .ARM.Collect$$libinit$$00000027          0x0800017c   Section        0  libinit2.o(.ARM.Collect$$libinit$$00000027)
    .ARM.Collect$$libinit$$0000002E          0x0800017c   Section        0  libinit2.o(.ARM.Collect$$libinit$$0000002E)
    .ARM.Collect$$libinit$$00000030          0x0800017c   Section        0  libinit2.o(.ARM.Collect$$libinit$$00000030)
    .ARM.Collect$$libinit$$00000032          0x0800017c   Section        0  libinit2.o(.ARM.Collect$$libinit$$00000032)
    .ARM.Collect$$libinit$$00000034          0x0800017c   Section        0  libinit2.o(.ARM.Collect$$libinit$$00000034)
    .ARM.Collect$$libinit$$00000035          0x0800017c   Section        2  libinit2.o(.ARM.Collect$$libinit$$00000035)
    .ARM.Collect$$libshutdown$$00000000      0x0800017e   Section        2  libshutdown.o(.ARM.Collect$$libshutdown$$00000000)
    .ARM.Collect$$libshutdown$$00000002      0x08000180   Section        0  libshutdown2.o(.ARM.Collect$$libshutdown$$00000002)
    .ARM.Collect$$libshutdown$$00000004      0x08000180   Section        0  libshutdown2.o(.ARM.Collect$$libshutdown$$00000004)
    .ARM.Collect$$libshutdown$$00000007      0x08000180   Section        0  libshutdown2.o(.ARM.Collect$$libshutdown$$00000007)
    .ARM.Collect$$libshutdown$$0000000A      0x08000180   Section        0  libshutdown2.o(.ARM.Collect$$libshutdown$$0000000A)
    .ARM.Collect$$libshutdown$$0000000C      0x08000180   Section        0  libshutdown2.o(.ARM.Collect$$libshutdown$$0000000C)
    .ARM.Collect$$libshutdown$$0000000F      0x08000180   Section        0  libshutdown2.o(.ARM.Collect$$libshutdown$$0000000F)
    .ARM.Collect$$libshutdown$$00000010      0x08000180   Section        2  libshutdown2.o(.ARM.Collect$$libshutdown$$00000010)
    .ARM.Collect$$rtentry$$00000000          0x08000182   Section        0  __rtentry.o(.ARM.Collect$$rtentry$$00000000)
    .ARM.Collect$$rtentry$$00000002          0x08000182   Section        0  __rtentry2.o(.ARM.Collect$$rtentry$$00000002)
    .ARM.Collect$$rtentry$$00000004          0x08000182   Section        6  __rtentry4.o(.ARM.Collect$$rtentry$$00000004)
    .ARM.Collect$$rtentry$$00000009          0x08000188   Section        0  __rtentry2.o(.ARM.Collect$$rtentry$$00000009)
    .ARM.Collect$$rtentry$$0000000A          0x08000188   Section        4  __rtentry2.o(.ARM.Collect$$rtentry$$0000000A)
    .ARM.Collect$$rtentry$$0000000C          0x0800018c   Section        0  __rtentry2.o(.ARM.Collect$$rtentry$$0000000C)
    .ARM.Collect$$rtentry$$0000000D          0x0800018c   Section        8  __rtentry2.o(.ARM.Collect$$rtentry$$0000000D)
    .ARM.Collect$$rtexit$$00000000           0x08000194   Section        2  rtexit.o(.ARM.Collect$$rtexit$$00000000)
    .ARM.Collect$$rtexit$$00000002           0x08000196   Section        0  rtexit2.o(.ARM.Collect$$rtexit$$00000002)
    .ARM.Collect$$rtexit$$00000003           0x08000196   Section        4  rtexit2.o(.ARM.Collect$$rtexit$$00000003)
    .ARM.Collect$$rtexit$$00000004           0x0800019a   Section        6  rtexit2.o(.ARM.Collect$$rtexit$$00000004)
    .text                                    0x080001a0   Section       64  startup_stm32f10x_ld.o(.text)
    .text                                    0x080001e0   Section        0  noretval__2sprintf.o(.text)
    .text                                    0x08000208   Section        0  __printf_wp.o(.text)
    .text                                    0x08000316   Section        0  heapauxi.o(.text)
    .text                                    0x0800031c   Section        0  _rserrno.o(.text)
    _fp_digits                               0x08000333   Thumb Code   432  _printf_fp_dec.o(.text)
    .text                                    0x08000332   Section        0  _printf_fp_dec.o(.text)
    _printf_input_char                       0x08000751   Thumb Code    10  _printf_char_common.o(.text)
    .text                                    0x08000750   Section        0  _printf_char_common.o(.text)
    .text                                    0x08000780   Section        0  _sputc.o(.text)
    .text                                    0x0800078c   Section        8  rt_locale_intlibspace.o(.text)
    .text                                    0x08000794   Section        8  rt_errno_addr_intlibspace.o(.text)
    .text                                    0x0800079c   Section      138  lludiv10.o(.text)
    .text                                    0x08000828   Section        0  _printf_fp_infnan.o(.text)
    .text                                    0x080008a8   Section        0  bigflt0.o(.text)
    .text                                    0x0800098c   Section        8  libspace.o(.text)
    .text                                    0x08000994   Section       74  sys_stackheap_outer.o(.text)
    .text                                    0x080009de   Section        0  exit.o(.text)
    .text                                    0x080009f0   Section      128  strcmpv7m.o(.text)
    .text                                    0x08000a70   Section        0  sys_exit.o(.text)
    .text                                    0x08000a7c   Section        2  use_no_semi.o(.text)
    .text                                    0x08000a7e   Section        0  indicate_semi.o(.text)
    [Anonymous Symbol]                       0x08000a80   Section        0  i2c_mpu6050.o(.text.CTR_READ_ACCEL_MPU6050)
    [Anonymous Symbol]                       0x08000b50   Section        0  i2c.o(.text.CTR_Single_Read)
    [Anonymous Symbol]                       0x08000c54   Section        0  i2c.o(.text.CTR_Single_Write)
    [Anonymous Symbol]                       0x08000d40   Section        0  interrupt.o(.text.EXTI0_IRQHandler)
    [Anonymous Symbol]                       0x08000d8c   Section        0  interrupt.o(.text.EXTI1_IRQHandler)
    [Anonymous Symbol]                       0x08000dbc   Section        0  stm32f10x_exti.o(.text.EXTI_ClearITPendingBit)
    [Anonymous Symbol]                       0x08000dc8   Section        0  stm32f10x_exti.o(.text.EXTI_GetITStatus)
    [Anonymous Symbol]                       0x08000de8   Section        0  stm32f10x_exti.o(.text.EXTI_Init)
    [Anonymous Symbol]                       0x08000e50   Section        0  stm32f10x_gpio.o(.text.GPIO_EXTILineConfig)
    [Anonymous Symbol]                       0x08000e80   Section        0  stm32f10x_gpio.o(.text.GPIO_Init)
    [Anonymous Symbol]                       0x08000f40   Section        0  stm32f10x_gpio.o(.text.GPIO_ReadInputDataBit)
    [Anonymous Symbol]                       0x08000f4c   Section        0  stm32f10x_gpio.o(.text.GPIO_ResetBits)
    [Anonymous Symbol]                       0x08000f50   Section        0  stm32f10x_gpio.o(.text.GPIO_SetBits)
    [Anonymous Symbol]                       0x08000f54   Section        0  i2c_mpu6050.o(.text.I2C_MPU6050_Init)
    [Anonymous Symbol]                       0x08000f90   Section        0  i2c_mpu6050.o(.text.I2C_MPU6050_Setup)
    [Anonymous Symbol]                       0x08000fe0   Section        0  misc.o(.text.NVIC_Init)
    [Anonymous Symbol]                       0x08001040   Section        0  stm32f10x_rcc.o(.text.RCC_APB1PeriphClockCmd)
    [Anonymous Symbol]                       0x08001058   Section        0  stm32f10x_rcc.o(.text.RCC_APB2PeriphClockCmd)
    [Anonymous Symbol]                       0x08001070   Section        0  systick.o(.text.SysTick_Handler)
    [Anonymous Symbol]                       0x0800109c   Section        0  system_stm32f10x.o(.text.SystemCoreClockUpdate)
    [Anonymous Symbol]                       0x0800110c   Section        0  system_stm32f10x.o(.text.SystemInit)
    [Anonymous Symbol]                       0x0800121c   Section        0  stm32f10x_tim.o(.text.TIM_Cmd)
    [Anonymous Symbol]                       0x08001230   Section        0  stm32f10x_tim.o(.text.TIM_GetCounter)
    [Anonymous Symbol]                       0x08001234   Section        0  stm32f10x_tim.o(.text.TIM_SetCounter)
    [Anonymous Symbol]                       0x08001238   Section        0  stm32f10x_tim.o(.text.TIM_TimeBaseInit)
    [Anonymous Symbol]                       0x080012e4   Section        0  main.o(.text.caculate_init_average)
    [Anonymous Symbol]                       0x080013dc   Section        0  delay.o(.text.delay_init)
    [Anonymous Symbol]                       0x08001404   Section        0  delay.o(.text.delay_ms)
    [Anonymous Symbol]                       0x08001444   Section        0  delay.o(.text.delay_us)
    [Anonymous Symbol]                       0x08001478   Section        0  systick.o(.text.get_us_count)
    [Anonymous Symbol]                       0x08001484   Section        0  i2c.o(.text.i2c_init)
    [Anonymous Symbol]                       0x080014e0   Section        0  i2c.o(.text.i2c_read)
    [Anonymous Symbol]                       0x08001594   Section        0  i2c.o(.text.i2c_setup)
    [Anonymous Symbol]                       0x080015c0   Section        0  i2c.o(.text.i2c_write)
    [Anonymous Symbol]                       0x08001670   Section        0  interrupt.o(.text.init_current_status)
    [Anonymous Symbol]                       0x08001688   Section        0  interrupt.o(.text.interrupt_init)
    [Anonymous Symbol]                       0x08001700   Section        0  lcd16x2.o(.text.lcd16x2_clrscr)
    [Anonymous Symbol]                       0x080017a4   Section        0  lcd16x2.o(.text.lcd16x2_gotoxy)
    [Anonymous Symbol]                       0x080017c0   Section        0  lcd16x2.o(.text.lcd16x2_init)
    [Anonymous Symbol]                       0x08001a78   Section        0  lcd16x2.o(.text.lcd16x2_put_int)
    [Anonymous Symbol]                       0x08001ab4   Section        0  lcd16x2.o(.text.lcd16x2_putc)
    [Anonymous Symbol]                       0x08001bdc   Section        0  lcd16x2.o(.text.lcd16x2_puts)
    lcd16x2_wait_busy                        0x08001bf9   Thumb Code   298  lcd16x2.o(.text.lcd16x2_wait_busy)
    [Anonymous Symbol]                       0x08001bf8   Section        0  lcd16x2.o(.text.lcd16x2_wait_busy)
    lcd16x2_write                            0x08001d25   Thumb Code   252  lcd16x2.o(.text.lcd16x2_write)
    [Anonymous Symbol]                       0x08001d24   Section        0  lcd16x2.o(.text.lcd16x2_write)
    [Anonymous Symbol]                       0x08001e20   Section        0  led.o(.text.led_init)
    [Anonymous Symbol]                       0x08001e48   Section        0  main.o(.text.main)
    [Anonymous Symbol]                       0x080021c8   Section        0  systick.o(.text.systick_init)
    [Anonymous Symbol]                       0x08002220   Section        0  led.o(.text.turn_off_green_led)
    [Anonymous Symbol]                       0x08002230   Section        0  led.o(.text.turn_off_red_led)
    [Anonymous Symbol]                       0x08002240   Section        0  led.o(.text.turn_on_green_led)
    [Anonymous Symbol]                       0x08002250   Section        0  led.o(.text.turn_on_red_led)
    CL$$btod_d2e                             0x0800225e   Section       62  btod.o(CL$$btod_d2e)
    CL$$btod_d2e_denorm_low                  0x0800229c   Section       70  btod.o(CL$$btod_d2e_denorm_low)
    CL$$btod_d2e_norm_op1                    0x080022e2   Section       96  btod.o(CL$$btod_d2e_norm_op1)
    CL$$btod_div_common                      0x08002344   Section      824  btod.o(CL$$btod_div_common)
    CL$$btod_e2e                             0x0800267c   Section      220  btod.o(CL$$btod_e2e)
    CL$$btod_ediv                            0x08002758   Section       42  btod.o(CL$$btod_ediv)
    CL$$btod_emul                            0x08002782   Section       42  btod.o(CL$$btod_emul)
    CL$$btod_mult_common                     0x080027ac   Section      580  btod.o(CL$$btod_mult_common)
    i.__ARM_fpclassify                       0x080029f0   Section        0  fpclassify.o(i.__ARM_fpclassify)
    i._is_digit                              0x08002a18   Section        0  __printf_wp.o(i._is_digit)
    i.sqrtf                                  0x08002a26   Section        0  sqrtf.o(i.sqrtf)
    locale$$code                             0x08002a54   Section       44  lc_numeric_c.o(locale$$code)
    x$fpl$d2f                                0x08002a80   Section       98  d2f.o(x$fpl$d2f)
    x$fpl$dflt                               0x08002ae2   Section       46  dflt_clz.o(x$fpl$dflt)
    x$fpl$dmul                               0x08002b10   Section      340  dmul.o(x$fpl$dmul)
    x$fpl$dnaninf                            0x08002c64   Section      156  dnaninf.o(x$fpl$dnaninf)
    x$fpl$dretinf                            0x08002d00   Section       12  dretinf.o(x$fpl$dretinf)
    x$fpl$fadd                               0x08002d0c   Section      196  faddsub_clz.o(x$fpl$fadd)
    _fadd1                                   0x08002d1b   Thumb Code     0  faddsub_clz.o(x$fpl$fadd)
    x$fpl$fcmp                               0x08002dd0   Section       84  fcmp.o(x$fpl$fcmp)
    x$fpl$fcmpinf                            0x08002e24   Section       24  fcmpi.o(x$fpl$fcmpinf)
    _fdiv1                                   0x08002e3d   Thumb Code     0  fdiv.o(x$fpl$fdiv)
    x$fpl$fdiv                               0x08002e3c   Section      388  fdiv.o(x$fpl$fdiv)
    x$fpl$feqf                               0x08002fc0   Section      104  feqf.o(x$fpl$feqf)
    x$fpl$fgeqf                              0x08003028   Section      104  fgeqf.o(x$fpl$fgeqf)
    x$fpl$fleqf                              0x08003090   Section      104  fleqf.o(x$fpl$fleqf)
    x$fpl$fmul                               0x080030f8   Section      258  fmul.o(x$fpl$fmul)
    x$fpl$fnaninf                            0x080031fa   Section      140  fnaninf.o(x$fpl$fnaninf)
    x$fpl$fretinf                            0x08003286   Section       10  fretinf.o(x$fpl$fretinf)
    x$fpl$fsqrt                              0x08003290   Section      272  fsqrt.o(x$fpl$fsqrt)
    x$fpl$fsub                               0x080033a0   Section      234  faddsub_clz.o(x$fpl$fsub)
    _fsub1                                   0x080033af   Thumb Code     0  faddsub_clz.o(x$fpl$fsub)
    x$fpl$printf1                            0x0800348a   Section        4  printf1.o(x$fpl$printf1)
    x$fpl$usenofp                            0x0800348e   Section        0  usenofp.o(x$fpl$usenofp)
    tenpwrs_x                                0x08003490   Data          60  bigflt0.o(.constdata)
    .constdata                               0x08003490   Section      148  bigflt0.o(.constdata)
    tenpwrs_i                                0x080034cc   Data          64  bigflt0.o(.constdata)
    .L.str.2                                 0x08003534   Data           8  main.o(.rodata.str1.1)
    [Anonymous Symbol]                       0x08003534   Section        0  main.o(.rodata.str1.1)
    .L.str.3                                 0x0800353c   Data           7  main.o(.rodata.str1.1)
    locale$$data                             0x08003564   Section       28  lc_numeric_c.o(locale$$data)
    __lcnum_c_name                           0x08003568   Data           2  lc_numeric_c.o(locale$$data)
    __lcnum_c_start                          0x08003570   Data           0  lc_numeric_c.o(locale$$data)
    __lcnum_c_point                          0x0800357c   Data           0  lc_numeric_c.o(locale$$data)
    __lcnum_c_thousands                      0x0800357e   Data           0  lc_numeric_c.o(locale$$data)
    __lcnum_c_grouping                       0x0800357f   Data           0  lc_numeric_c.o(locale$$data)
    __lcnum_c_end                            0x08003580   Data           0  lc_numeric_c.o(locale$$data)
    .bss                                     0x20000008   Section       96  libspace.o(.bss)
    CTR_MPU6050_BUF.0                        0x20000068   Data           1  i2c_mpu6050.o(.bss.CTR_MPU6050_BUF.0)
    [Anonymous Symbol]                       0x20000068   Section        0  i2c_mpu6050.o(.bss.CTR_MPU6050_BUF.0)
    CTR_MPU6050_BUF.2                        0x20000069   Data           1  i2c_mpu6050.o(.bss.CTR_MPU6050_BUF.2)
    [Anonymous Symbol]                       0x20000069   Section        0  i2c_mpu6050.o(.bss.CTR_MPU6050_BUF.2)
    CTR_MPU6050_BUF.4                        0x2000006a   Data           1  i2c_mpu6050.o(.bss.CTR_MPU6050_BUF.4)
    [Anonymous Symbol]                       0x2000006a   Section        0  i2c_mpu6050.o(.bss.CTR_MPU6050_BUF.4)
    display_cursor_on_off_control            0x20000080   Data           1  lcd16x2.o(.bss.display_cursor_on_off_control)
    [Anonymous Symbol]                       0x20000080   Section        0  lcd16x2.o(.bss.display_cursor_on_off_control)
    mpuData                                  0x20000090   Data          16  i2c_mpu6050.o(.bss.mpuData)
    [Anonymous Symbol]                       0x20000090   Section        0  i2c_mpu6050.o(.bss.mpuData)
    status                                   0x200000a8   Data           4  interrupt.o(.bss.status)
    [Anonymous Symbol]                       0x200000a8   Section        0  interrupt.o(.bss.status)
    step                                     0x200000b0   Data           4  interrupt.o(.bss.step)
    [Anonymous Symbol]                       0x200000b0   Section        0  interrupt.o(.bss.step)
    usCount                                  0x200000b8   Data           8  systick.o(.bss.usCount)
    [Anonymous Symbol]                       0x200000b8   Section        0  systick.o(.bss.usCount)
    usTicks                                  0x200000c0   Data           4  systick.o(.bss.usTicks)
    [Anonymous Symbol]                       0x200000c0   Section        0  systick.o(.bss.usTicks)
    Heap_Mem                                 0x200000d0   Data         512  startup_stm32f10x_ld.o(HEAP)
    HEAP                                     0x200000d0   Section      512  startup_stm32f10x_ld.o(HEAP)
    Stack_Mem                                0x200002d0   Data        1024  startup_stm32f10x_ld.o(STACK)
    STACK                                    0x200002d0   Section     1024  startup_stm32f10x_ld.o(STACK)
    __initial_sp                             0x200006d0   Data           0  startup_stm32f10x_ld.o(STACK)

    Global Symbols

    Symbol Name                              Value     Ov Type        Size  Object(Section)

    BuildAttributes$$THM_ISAv4$P$D$K$B$S$PE$A:L22UL41UL21$X:L11$S22US41US21$IEEE1$IW$~IW$USESV6$~STKCKD$USESV7$~SHL$OTIME$ROPI$IEEEJ$EBA8$UX$STANDARDLIB$REQ8$PRES8$EABIv2 0x00000000   Number         0  anon$$obj.o ABSOLUTE
    __fp_init_empty                          0x00000000   Number         0  fpinit_empty.o ABSOLUTE
    _printf_flags                            0x00000000   Number         0  printf_stubs.o ABSOLUTE
    _printf_return_value                     0x00000000   Number         0  printf_stubs.o ABSOLUTE
    _printf_sizespec                         0x00000000   Number         0  printf_stubs.o ABSOLUTE
    _printf_widthprec                        0x00000000   Number         0  printf_stubs.o ABSOLUTE
    __ARM_exceptions_init                     - Undefined Weak Reference
    __alloca_initialize                       - Undefined Weak Reference
    __arm_preinit_                            - Undefined Weak Reference
    __arm_relocate_pie_                       - Undefined Weak Reference
    __cpp_initialize__aeabi_                  - Undefined Weak Reference
    __cxa_finalize                            - Undefined Weak Reference
    __sigvec_lookup                           - Undefined Weak Reference
    _atexit_init                              - Undefined Weak Reference
    _call_atexit_fns                          - Undefined Weak Reference
    _clock_init                               - Undefined Weak Reference
    _fp_trap_init                             - Undefined Weak Reference
    _fp_trap_shutdown                         - Undefined Weak Reference
    _get_lc_collate                           - Undefined Weak Reference
    _get_lc_ctype                             - Undefined Weak Reference
    _get_lc_monetary                          - Undefined Weak Reference
    _get_lc_time                              - Undefined Weak Reference
    _getenv_init                              - Undefined Weak Reference
    _handle_redirection                       - Undefined Weak Reference
    _init_alloc                               - Undefined Weak Reference
    _init_user_alloc                          - Undefined Weak Reference
    _initio                                   - Undefined Weak Reference
    _printf_post_padding                      - Undefined Weak Reference
    _printf_pre_padding                       - Undefined Weak Reference
    _rand_init                                - Undefined Weak Reference
    _signal_finish                            - Undefined Weak Reference
    _signal_init                              - Undefined Weak Reference
    _terminate_alloc                          - Undefined Weak Reference
    _terminate_user_alloc                     - Undefined Weak Reference
    _terminateio                              - Undefined Weak Reference
    __Vectors_Size                           0x000000ec   Number         0  startup_stm32f10x_ld.o ABSOLUTE
    __Vectors                                0x08000000   Data           4  startup_stm32f10x_ld.o(RESET)
    __Vectors_End                            0x080000ec   Data           0  startup_stm32f10x_ld.o(RESET)
    __main                                   0x080000ed   Thumb Code     8  __main.o(!!!main)
    __scatterload                            0x080000f5   Thumb Code     0  __scatter.o(!!!scatter)
    __scatterload_rt2                        0x080000f5   Thumb Code    44  __scatter.o(!!!scatter)
    __scatterload_rt2_thumb_only             0x080000f5   Thumb Code     0  __scatter.o(!!!scatter)
    __scatterload_null                       0x08000103   Thumb Code     0  __scatter.o(!!!scatter)
    __scatterload_copy                       0x08000129   Thumb Code    26  __scatter_copy.o(!!handler_copy)
    __scatterload_zeroinit                   0x08000145   Thumb Code    28  __scatter_zi.o(!!handler_zi)
    _printf_f                                0x08000161   Thumb Code     0  _printf_f.o(.ARM.Collect$$_printf_percent$$00000003)
    _printf_percent                          0x08000161   Thumb Code     0  _printf_percent.o(.ARM.Collect$$_printf_percent$$00000000)
    _printf_percent_end                      0x08000167   Thumb Code     0  _printf_percent_end.o(.ARM.Collect$$_printf_percent$$00000017)
    __rt_lib_init                            0x0800016b   Thumb Code     0  libinit.o(.ARM.Collect$$libinit$$00000000)
    __rt_lib_init_fp_1                       0x0800016d   Thumb Code     0  libinit2.o(.ARM.Collect$$libinit$$00000002)
    __rt_lib_init_heap_1                     0x0800016d   Thumb Code     0  libinit2.o(.ARM.Collect$$libinit$$0000000C)
    __rt_lib_init_lc_common                  0x0800016d   Thumb Code     0  libinit2.o(.ARM.Collect$$libinit$$00000011)
    __rt_lib_init_preinit_1                  0x0800016d   Thumb Code     0  libinit2.o(.ARM.Collect$$libinit$$00000006)
    __rt_lib_init_rand_1                     0x0800016d   Thumb Code     0  libinit2.o(.ARM.Collect$$libinit$$00000010)
    __rt_lib_init_relocate_pie_1             0x0800016d   Thumb Code     0  libinit2.o(.ARM.Collect$$libinit$$00000004)
    __rt_lib_init_user_alloc_1               0x0800016d   Thumb Code     0  libinit2.o(.ARM.Collect$$libinit$$0000000E)
    __rt_lib_init_lc_collate_1               0x08000173   Thumb Code     0  libinit2.o(.ARM.Collect$$libinit$$00000013)
    __rt_lib_init_lc_ctype_1                 0x08000173   Thumb Code     0  libinit2.o(.ARM.Collect$$libinit$$00000015)
    __rt_lib_init_lc_monetary_1              0x08000173   Thumb Code     0  libinit2.o(.ARM.Collect$$libinit$$00000017)
    __rt_lib_init_lc_numeric_2               0x08000173   Thumb Code     0  libinit2.o(.ARM.Collect$$libinit$$00000018)
    __rt_lib_init_alloca_1                   0x0800017d   Thumb Code     0  libinit2.o(.ARM.Collect$$libinit$$00000030)
    __rt_lib_init_argv_1                     0x0800017d   Thumb Code     0  libinit2.o(.ARM.Collect$$libinit$$0000002E)
    __rt_lib_init_atexit_1                   0x0800017d   Thumb Code     0  libinit2.o(.ARM.Collect$$libinit$$0000001D)
    __rt_lib_init_clock_1                    0x0800017d   Thumb Code     0  libinit2.o(.ARM.Collect$$libinit$$00000023)
    __rt_lib_init_cpp_1                      0x0800017d   Thumb Code     0  libinit2.o(.ARM.Collect$$libinit$$00000034)
    __rt_lib_init_exceptions_1               0x0800017d   Thumb Code     0  libinit2.o(.ARM.Collect$$libinit$$00000032)
    __rt_lib_init_fp_trap_1                  0x0800017d   Thumb Code     0  libinit2.o(.ARM.Collect$$libinit$$00000021)
    __rt_lib_init_getenv_1                   0x0800017d   Thumb Code     0  libinit2.o(.ARM.Collect$$libinit$$00000025)
    __rt_lib_init_lc_numeric_1               0x0800017d   Thumb Code     0  libinit2.o(.ARM.Collect$$libinit$$00000019)
    __rt_lib_init_lc_time_1                  0x0800017d   Thumb Code     0  libinit2.o(.ARM.Collect$$libinit$$0000001B)
    __rt_lib_init_return                     0x0800017d   Thumb Code     0  libinit2.o(.ARM.Collect$$libinit$$00000035)
    __rt_lib_init_signal_1                   0x0800017d   Thumb Code     0  libinit2.o(.ARM.Collect$$libinit$$0000001F)
    __rt_lib_init_stdio_1                    0x0800017d   Thumb Code     0  libinit2.o(.ARM.Collect$$libinit$$00000027)
    __rt_lib_shutdown                        0x0800017f   Thumb Code     0  libshutdown.o(.ARM.Collect$$libshutdown$$00000000)
    __rt_lib_shutdown_cpp_1                  0x08000181   Thumb Code     0  libshutdown2.o(.ARM.Collect$$libshutdown$$00000002)
    __rt_lib_shutdown_fp_trap_1              0x08000181   Thumb Code     0  libshutdown2.o(.ARM.Collect$$libshutdown$$00000007)
    __rt_lib_shutdown_heap_1                 0x08000181   Thumb Code     0  libshutdown2.o(.ARM.Collect$$libshutdown$$0000000F)
    __rt_lib_shutdown_return                 0x08000181   Thumb Code     0  libshutdown2.o(.ARM.Collect$$libshutdown$$00000010)
    __rt_lib_shutdown_signal_1               0x08000181   Thumb Code     0  libshutdown2.o(.ARM.Collect$$libshutdown$$0000000A)
    __rt_lib_shutdown_stdio_1                0x08000181   Thumb Code     0  libshutdown2.o(.ARM.Collect$$libshutdown$$00000004)
    __rt_lib_shutdown_user_alloc_1           0x08000181   Thumb Code     0  libshutdown2.o(.ARM.Collect$$libshutdown$$0000000C)
    __rt_entry                               0x08000183   Thumb Code     0  __rtentry.o(.ARM.Collect$$rtentry$$00000000)
    __rt_entry_presh_1                       0x08000183   Thumb Code     0  __rtentry2.o(.ARM.Collect$$rtentry$$00000002)
    __rt_entry_sh                            0x08000183   Thumb Code     0  __rtentry4.o(.ARM.Collect$$rtentry$$00000004)
    __rt_entry_li                            0x08000189   Thumb Code     0  __rtentry2.o(.ARM.Collect$$rtentry$$0000000A)
    __rt_entry_postsh_1                      0x08000189   Thumb Code     0  __rtentry2.o(.ARM.Collect$$rtentry$$00000009)
    __rt_entry_main                          0x0800018d   Thumb Code     0  __rtentry2.o(.ARM.Collect$$rtentry$$0000000D)
    __rt_entry_postli_1                      0x0800018d   Thumb Code     0  __rtentry2.o(.ARM.Collect$$rtentry$$0000000C)
    __rt_exit                                0x08000195   Thumb Code     0  rtexit.o(.ARM.Collect$$rtexit$$00000000)
    __rt_exit_ls                             0x08000197   Thumb Code     0  rtexit2.o(.ARM.Collect$$rtexit$$00000003)
    __rt_exit_prels_1                        0x08000197   Thumb Code     0  rtexit2.o(.ARM.Collect$$rtexit$$00000002)
    __rt_exit_exit                           0x0800019b   Thumb Code     0  rtexit2.o(.ARM.Collect$$rtexit$$00000004)
    Reset_Handler                            0x080001a1   Thumb Code     8  startup_stm32f10x_ld.o(.text)
    NMI_Handler                              0x080001a9   Thumb Code     2  startup_stm32f10x_ld.o(.text)
    HardFault_Handler                        0x080001ab   Thumb Code     2  startup_stm32f10x_ld.o(.text)
    MemManage_Handler                        0x080001ad   Thumb Code     2  startup_stm32f10x_ld.o(.text)
    BusFault_Handler                         0x080001af   Thumb Code     2  startup_stm32f10x_ld.o(.text)
    UsageFault_Handler                       0x080001b1   Thumb Code     2  startup_stm32f10x_ld.o(.text)
    SVC_Handler                              0x080001b3   Thumb Code     2  startup_stm32f10x_ld.o(.text)
    DebugMon_Handler                         0x080001b5   Thumb Code     2  startup_stm32f10x_ld.o(.text)
    PendSV_Handler                           0x080001b7   Thumb Code     2  startup_stm32f10x_ld.o(.text)
    ADC1_2_IRQHandler                        0x080001bb   Thumb Code     0  startup_stm32f10x_ld.o(.text)
    CAN1_RX1_IRQHandler                      0x080001bb   Thumb Code     0  startup_stm32f10x_ld.o(.text)
    CAN1_SCE_IRQHandler                      0x080001bb   Thumb Code     0  startup_stm32f10x_ld.o(.text)
    DMA1_Channel1_IRQHandler                 0x080001bb   Thumb Code     0  startup_stm32f10x_ld.o(.text)
    DMA1_Channel2_IRQHandler                 0x080001bb   Thumb Code     0  startup_stm32f10x_ld.o(.text)
    DMA1_Channel3_IRQHandler                 0x080001bb   Thumb Code     0  startup_stm32f10x_ld.o(.text)
    DMA1_Channel4_IRQHandler                 0x080001bb   Thumb Code     0  startup_stm32f10x_ld.o(.text)
    DMA1_Channel5_IRQHandler                 0x080001bb   Thumb Code     0  startup_stm32f10x_ld.o(.text)
    DMA1_Channel6_IRQHandler                 0x080001bb   Thumb Code     0  startup_stm32f10x_ld.o(.text)
    DMA1_Channel7_IRQHandler                 0x080001bb   Thumb Code     0  startup_stm32f10x_ld.o(.text)
    EXTI15_10_IRQHandler                     0x080001bb   Thumb Code     0  startup_stm32f10x_ld.o(.text)
    EXTI2_IRQHandler                         0x080001bb   Thumb Code     0  startup_stm32f10x_ld.o(.text)
    EXTI3_IRQHandler                         0x080001bb   Thumb Code     0  startup_stm32f10x_ld.o(.text)
    EXTI4_IRQHandler                         0x080001bb   Thumb Code     0  startup_stm32f10x_ld.o(.text)
    EXTI9_5_IRQHandler                       0x080001bb   Thumb Code     0  startup_stm32f10x_ld.o(.text)
    FLASH_IRQHandler                         0x080001bb   Thumb Code     0  startup_stm32f10x_ld.o(.text)
    I2C1_ER_IRQHandler                       0x080001bb   Thumb Code     0  startup_stm32f10x_ld.o(.text)
    I2C1_EV_IRQHandler                       0x080001bb   Thumb Code     0  startup_stm32f10x_ld.o(.text)
    PVD_IRQHandler                           0x080001bb   Thumb Code     0  startup_stm32f10x_ld.o(.text)
    RCC_IRQHandler                           0x080001bb   Thumb Code     0  startup_stm32f10x_ld.o(.text)
    RTCAlarm_IRQHandler                      0x080001bb   Thumb Code     0  startup_stm32f10x_ld.o(.text)
    RTC_IRQHandler                           0x080001bb   Thumb Code     0  startup_stm32f10x_ld.o(.text)
    SPI1_IRQHandler                          0x080001bb   Thumb Code     0  startup_stm32f10x_ld.o(.text)
    TAMPER_IRQHandler                        0x080001bb   Thumb Code     0  startup_stm32f10x_ld.o(.text)
    TIM1_BRK_IRQHandler                      0x080001bb   Thumb Code     0  startup_stm32f10x_ld.o(.text)
    TIM1_CC_IRQHandler                       0x080001bb   Thumb Code     0  startup_stm32f10x_ld.o(.text)
    TIM1_TRG_COM_IRQHandler                  0x080001bb   Thumb Code     0  startup_stm32f10x_ld.o(.text)
    TIM1_UP_IRQHandler                       0x080001bb   Thumb Code     0  startup_stm32f10x_ld.o(.text)
    TIM2_IRQHandler                          0x080001bb   Thumb Code     0  startup_stm32f10x_ld.o(.text)
    TIM3_IRQHandler                          0x080001bb   Thumb Code     0  startup_stm32f10x_ld.o(.text)
    USART1_IRQHandler                        0x080001bb   Thumb Code     0  startup_stm32f10x_ld.o(.text)
    USART2_IRQHandler                        0x080001bb   Thumb Code     0  startup_stm32f10x_ld.o(.text)
    USBWakeUp_IRQHandler                     0x080001bb   Thumb Code     0  startup_stm32f10x_ld.o(.text)
    USB_HP_CAN1_TX_IRQHandler                0x080001bb   Thumb Code     0  startup_stm32f10x_ld.o(.text)
    USB_LP_CAN1_RX0_IRQHandler               0x080001bb   Thumb Code     0  startup_stm32f10x_ld.o(.text)
    WWDG_IRQHandler                          0x080001bb   Thumb Code     0  startup_stm32f10x_ld.o(.text)
    __user_initial_stackheap                 0x080001bd   Thumb Code     0  startup_stm32f10x_ld.o(.text)
    __2sprintf                               0x080001e1   Thumb Code    34  noretval__2sprintf.o(.text)
    __printf                                 0x08000209   Thumb Code   270  __printf_wp.o(.text)
    __use_two_region_memory                  0x08000317   Thumb Code     2  heapauxi.o(.text)
    __rt_heap_escrow$2region                 0x08000319   Thumb Code     2  heapauxi.o(.text)
    __rt_heap_expand$2region                 0x0800031b   Thumb Code     2  heapauxi.o(.text)
    __read_errno                             0x0800031d   Thumb Code    10  _rserrno.o(.text)
    __set_errno                              0x08000327   Thumb Code    12  _rserrno.o(.text)
    _printf_fp_dec_real                      0x080004e3   Thumb Code   620  _printf_fp_dec.o(.text)
    _printf_char_common                      0x0800075b   Thumb Code    32  _printf_char_common.o(.text)
    _sputc                                   0x08000781   Thumb Code    10  _sputc.o(.text)
    __rt_locale                              0x0800078d   Thumb Code     8  rt_locale_intlibspace.o(.text)
    __aeabi_errno_addr                       0x08000795   Thumb Code     8  rt_errno_addr_intlibspace.o(.text)
    __errno$intlibspace                      0x08000795   Thumb Code     0  rt_errno_addr_intlibspace.o(.text)
    __rt_errno_addr$intlibspace              0x08000795   Thumb Code     0  rt_errno_addr_intlibspace.o(.text)
    _ll_udiv10                               0x0800079d   Thumb Code   138  lludiv10.o(.text)
    _printf_fp_infnan                        0x08000829   Thumb Code   112  _printf_fp_infnan.o(.text)
    _btod_etento                             0x080008a9   Thumb Code   224  bigflt0.o(.text)
    __user_libspace                          0x0800098d   Thumb Code     8  libspace.o(.text)
    __user_perproc_libspace                  0x0800098d   Thumb Code     0  libspace.o(.text)
    __user_perthread_libspace                0x0800098d   Thumb Code     0  libspace.o(.text)
    __user_setup_stackheap                   0x08000995   Thumb Code    74  sys_stackheap_outer.o(.text)
    exit                                     0x080009df   Thumb Code    18  exit.o(.text)
    strcmp                                   0x080009f1   Thumb Code   128  strcmpv7m.o(.text)
    _sys_exit                                0x08000a71   Thumb Code     8  sys_exit.o(.text)
    __I$use$semihosting                      0x08000a7d   Thumb Code     0  use_no_semi.o(.text)
    __use_no_semihosting_swi                 0x08000a7d   Thumb Code     2  use_no_semi.o(.text)
    __semihosting_library_function           0x08000a7f   Thumb Code     0  indicate_semi.o(.text)
    CTR_READ_ACCEL_MPU6050                   0x08000a81   Thumb Code   208  i2c_mpu6050.o(.text.CTR_READ_ACCEL_MPU6050)
    CTR_Single_Read                          0x08000b51   Thumb Code   258  i2c.o(.text.CTR_Single_Read)
    CTR_Single_Write                         0x08000c55   Thumb Code   236  i2c.o(.text.CTR_Single_Write)
    EXTI0_IRQHandler                         0x08000d41   Thumb Code    76  interrupt.o(.text.EXTI0_IRQHandler)
    EXTI1_IRQHandler                         0x08000d8d   Thumb Code    46  interrupt.o(.text.EXTI1_IRQHandler)
    EXTI_ClearITPendingBit                   0x08000dbd   Thumb Code    12  stm32f10x_exti.o(.text.EXTI_ClearITPendingBit)
    EXTI_GetITStatus                         0x08000dc9   Thumb Code    30  stm32f10x_exti.o(.text.EXTI_GetITStatus)
    EXTI_Init                                0x08000de9   Thumb Code   104  stm32f10x_exti.o(.text.EXTI_Init)
    GPIO_EXTILineConfig                      0x08000e51   Thumb Code    46  stm32f10x_gpio.o(.text.GPIO_EXTILineConfig)
    GPIO_Init                                0x08000e81   Thumb Code   192  stm32f10x_gpio.o(.text.GPIO_Init)
    GPIO_ReadInputDataBit                    0x08000f41   Thumb Code    10  stm32f10x_gpio.o(.text.GPIO_ReadInputDataBit)
    GPIO_ResetBits                           0x08000f4d   Thumb Code     4  stm32f10x_gpio.o(.text.GPIO_ResetBits)
    GPIO_SetBits                             0x08000f51   Thumb Code     4  stm32f10x_gpio.o(.text.GPIO_SetBits)
    I2C_MPU6050_Init                         0x08000f55   Thumb Code    60  i2c_mpu6050.o(.text.I2C_MPU6050_Init)
    I2C_MPU6050_Setup                        0x08000f91   Thumb Code    78  i2c_mpu6050.o(.text.I2C_MPU6050_Setup)
    NVIC_Init                                0x08000fe1   Thumb Code    94  misc.o(.text.NVIC_Init)
    RCC_APB1PeriphClockCmd                   0x08001041   Thumb Code    24  stm32f10x_rcc.o(.text.RCC_APB1PeriphClockCmd)
    RCC_APB2PeriphClockCmd                   0x08001059   Thumb Code    24  stm32f10x_rcc.o(.text.RCC_APB2PeriphClockCmd)
    SysTick_Handler                          0x08001071   Thumb Code    42  systick.o(.text.SysTick_Handler)
    SystemCoreClockUpdate                    0x0800109d   Thumb Code   110  system_stm32f10x.o(.text.SystemCoreClockUpdate)
    SystemInit                               0x0800110d   Thumb Code   272  system_stm32f10x.o(.text.SystemInit)
    TIM_Cmd                                  0x0800121d   Thumb Code    18  stm32f10x_tim.o(.text.TIM_Cmd)
    TIM_GetCounter                           0x08001231   Thumb Code     4  stm32f10x_tim.o(.text.TIM_GetCounter)
    TIM_SetCounter                           0x08001235   Thumb Code     4  stm32f10x_tim.o(.text.TIM_SetCounter)
    TIM_TimeBaseInit                         0x08001239   Thumb Code   170  stm32f10x_tim.o(.text.TIM_TimeBaseInit)
    caculate_init_average                    0x080012e5   Thumb Code   246  main.o(.text.caculate_init_average)
    delay_init                               0x080013dd   Thumb Code    38  delay.o(.text.delay_init)
    delay_ms                                 0x08001405   Thumb Code    62  delay.o(.text.delay_ms)
    delay_us                                 0x08001445   Thumb Code    50  delay.o(.text.delay_us)
    get_us_count                             0x08001479   Thumb Code    12  systick.o(.text.get_us_count)
    i2c_init                                 0x08001485   Thumb Code    90  i2c.o(.text.i2c_init)
    i2c_read                                 0x080014e1   Thumb Code   178  i2c.o(.text.i2c_read)
    i2c_setup                                0x08001595   Thumb Code    44  i2c.o(.text.i2c_setup)
    i2c_write                                0x080015c1   Thumb Code   176  i2c.o(.text.i2c_write)
    init_current_status                      0x08001671   Thumb Code    22  interrupt.o(.text.init_current_status)
    interrupt_init                           0x08001689   Thumb Code   120  interrupt.o(.text.interrupt_init)
    lcd16x2_clrscr                           0x08001701   Thumb Code   162  lcd16x2.o(.text.lcd16x2_clrscr)
    lcd16x2_gotoxy                           0x080017a5   Thumb Code    28  lcd16x2.o(.text.lcd16x2_gotoxy)
    lcd16x2_init                             0x080017c1   Thumb Code   696  lcd16x2.o(.text.lcd16x2_init)
    lcd16x2_put_int                          0x08001a79   Thumb Code    52  lcd16x2.o(.text.lcd16x2_put_int)
    lcd16x2_putc                             0x08001ab5   Thumb Code   296  lcd16x2.o(.text.lcd16x2_putc)
    lcd16x2_puts                             0x08001bdd   Thumb Code    28  lcd16x2.o(.text.lcd16x2_puts)
    led_init                                 0x08001e21   Thumb Code    38  led.o(.text.led_init)
    main                                     0x08001e49   Thumb Code   868  main.o(.text.main)
    systick_init                             0x080021c9   Thumb Code    88  systick.o(.text.systick_init)
    turn_off_green_led                       0x08002221   Thumb Code    14  led.o(.text.turn_off_green_led)
    turn_off_red_led                         0x08002231   Thumb Code    14  led.o(.text.turn_off_red_led)
    turn_on_green_led                        0x08002241   Thumb Code    14  led.o(.text.turn_on_green_led)
    turn_on_red_led                          0x08002251   Thumb Code    14  led.o(.text.turn_on_red_led)
    _btod_d2e                                0x0800225f   Thumb Code    62  btod.o(CL$$btod_d2e)
    _d2e_denorm_low                          0x0800229d   Thumb Code    70  btod.o(CL$$btod_d2e_denorm_low)
    _d2e_norm_op1                            0x080022e3   Thumb Code    96  btod.o(CL$$btod_d2e_norm_op1)
    __btod_div_common                        0x08002345   Thumb Code   696  btod.o(CL$$btod_div_common)
    _e2e                                     0x0800267d   Thumb Code   220  btod.o(CL$$btod_e2e)
    _btod_ediv                               0x08002759   Thumb Code    42  btod.o(CL$$btod_ediv)
    _btod_emul                               0x08002783   Thumb Code    42  btod.o(CL$$btod_emul)
    __btod_mult_common                       0x080027ad   Thumb Code   580  btod.o(CL$$btod_mult_common)
    __ARM_fpclassify                         0x080029f1   Thumb Code    40  fpclassify.o(i.__ARM_fpclassify)
    _is_digit                                0x08002a19   Thumb Code    14  __printf_wp.o(i._is_digit)
    sqrtf                                    0x08002a27   Thumb Code    44  sqrtf.o(i.sqrtf)
    _get_lc_numeric                          0x08002a55   Thumb Code    44  lc_numeric_c.o(locale$$code)
    __aeabi_d2f                              0x08002a81   Thumb Code     0  d2f.o(x$fpl$d2f)
    _d2f                                     0x08002a81   Thumb Code    98  d2f.o(x$fpl$d2f)
    __aeabi_i2d                              0x08002ae3   Thumb Code     0  dflt_clz.o(x$fpl$dflt)
    _dflt                                    0x08002ae3   Thumb Code    46  dflt_clz.o(x$fpl$dflt)
    __aeabi_dmul                             0x08002b11   Thumb Code     0  dmul.o(x$fpl$dmul)
    _dmul                                    0x08002b11   Thumb Code   332  dmul.o(x$fpl$dmul)
    __fpl_dnaninf                            0x08002c65   Thumb Code   156  dnaninf.o(x$fpl$dnaninf)
    __fpl_dretinf                            0x08002d01   Thumb Code    12  dretinf.o(x$fpl$dretinf)
    __aeabi_fadd                             0x08002d0d   Thumb Code     0  faddsub_clz.o(x$fpl$fadd)
    _fadd                                    0x08002d0d   Thumb Code   196  faddsub_clz.o(x$fpl$fadd)
    __aeabi_fcmpeq                           0x08002dd1   Thumb Code     0  fcmp.o(x$fpl$fcmp)
    _feq                                     0x08002dd1   Thumb Code    14  fcmp.o(x$fpl$fcmp)
    _fneq                                    0x08002ddf   Thumb Code    14  fcmp.o(x$fpl$fcmp)
    __aeabi_fcmpgt                           0x08002ded   Thumb Code     0  fcmp.o(x$fpl$fcmp)
    _fgr                                     0x08002ded   Thumb Code    14  fcmp.o(x$fpl$fcmp)
    __aeabi_fcmpge                           0x08002dfb   Thumb Code     0  fcmp.o(x$fpl$fcmp)
    _fgeq                                    0x08002dfb   Thumb Code    14  fcmp.o(x$fpl$fcmp)
    __aeabi_fcmple                           0x08002e09   Thumb Code     0  fcmp.o(x$fpl$fcmp)
    _fleq                                    0x08002e09   Thumb Code    14  fcmp.o(x$fpl$fcmp)
    __aeabi_fcmplt                           0x08002e17   Thumb Code     0  fcmp.o(x$fpl$fcmp)
    _fls                                     0x08002e17   Thumb Code    14  fcmp.o(x$fpl$fcmp)
    __fpl_fcmp_Inf                           0x08002e25   Thumb Code    24  fcmpi.o(x$fpl$fcmpinf)
    __aeabi_fdiv                             0x08002e3d   Thumb Code     0  fdiv.o(x$fpl$fdiv)
    _fdiv                                    0x08002e3d   Thumb Code   384  fdiv.o(x$fpl$fdiv)
    __aeabi_cfcmpeq                          0x08002fc1   Thumb Code     0  feqf.o(x$fpl$feqf)
    _fcmpeq                                  0x08002fc1   Thumb Code   104  feqf.o(x$fpl$feqf)
    _fcmpge                                  0x08003029   Thumb Code   104  fgeqf.o(x$fpl$fgeqf)
    __aeabi_cfcmple                          0x08003091   Thumb Code     0  fleqf.o(x$fpl$fleqf)
    _fcmple                                  0x08003091   Thumb Code   104  fleqf.o(x$fpl$fleqf)
    __fpl_fcmple_InfNaN                      0x080030e3   Thumb Code     0  fleqf.o(x$fpl$fleqf)
    __aeabi_fmul                             0x080030f9   Thumb Code     0  fmul.o(x$fpl$fmul)
    _fmul                                    0x080030f9   Thumb Code   258  fmul.o(x$fpl$fmul)
    __fpl_fnaninf                            0x080031fb   Thumb Code   140  fnaninf.o(x$fpl$fnaninf)
    __fpl_fretinf                            0x08003287   Thumb Code    10  fretinf.o(x$fpl$fretinf)
    _fsqrt                                   0x08003291   Thumb Code   272  fsqrt.o(x$fpl$fsqrt)
    __aeabi_fsub                             0x080033a1   Thumb Code     0  faddsub_clz.o(x$fpl$fsub)
    _fsub                                    0x080033a1   Thumb Code   234  faddsub_clz.o(x$fpl$fsub)
    _printf_fp_dec                           0x0800348b   Thumb Code     4  printf1.o(x$fpl$printf1)
    __I$use$fp                               0x0800348e   Number         0  usenofp.o(x$fpl$usenofp)
    AHBPrescTable                            0x08003524   Data          16  system_stm32f10x.o(.rodata.AHBPrescTable)
    Region$$Table$$Base                      0x08003544   Number         0  anon$$obj.o(Region$$Table)
    Region$$Table$$Limit                     0x08003564   Number         0  anon$$obj.o(Region$$Table)
    SystemCoreClock                          0x20000000   Data           4  system_stm32f10x.o(.data.SystemCoreClock)
    threshold                                0x20000004   Data           4  main.o(.data.threshold)
    __libspace_start                         0x20000008   Data          96  libspace.o(.bss)
    __temporary_stack_top$libspace           0x20000068   Data           0  libspace.o(.bss)
    GPIO_InitStruct                          0x2000006c   Data           4  lcd16x2.o(.bss.GPIO_InitStruct)
    GPIO_PIN_x                               0x20000070   Data           2  i2c.o(.bss.GPIO_PIN_x)
    GPIO_PIN_y                               0x20000072   Data           2  i2c.o(.bss.GPIO_PIN_y)
    GPIOx                                    0x20000074   Data           4  i2c.o(.bss.GPIOx)
    RCC_APB2Periph_GPIO_x                    0x20000078   Data           4  i2c.o(.bss.RCC_APB2Periph_GPIO_x)
    ave                                      0x2000007c   Data           4  main.o(.bss.ave)
    led_green_status                         0x20000084   Data           4  main.o(.bss.led_green_status)
    maxave                                   0x20000088   Data           4  main.o(.bss.maxave)
    minave                                   0x2000008c   Data           4  main.o(.bss.minave)
    sampling                                 0x200000a0   Data           4  main.o(.bss.sampling)
    status                                   0x200000a4   Data           4  main.o(.bss.status)
    step                                     0x200000ac   Data           4  main.o(.bss.step)
    x_init                                   0x200000c4   Data           4  main.o(.bss.x_init)
    y_init                                   0x200000c8   Data           4  main.o(.bss.y_init)
    z_init                                   0x200000cc   Data           4  main.o(.bss.z_init)



==============================================================================

Memory Map of the image

  Image Entry point : 0x080001a1

  Load Region LR_1 (Base: 0x08000000, Size: 0x00003588, Max: 0xffffffff, ABSOLUTE)

    Execution Region ER_RO (Exec base: 0x08000000, Load base: 0x08000000, Size: 0x00003580, Max: 0xffffffff, ABSOLUTE)

    Exec Addr    Load Addr    Size         Type   Attr      Idx    E Section Name        Object

    0x08000000   0x08000000   0x000000ec   Data   RO          636    RESET               startup_stm32f10x_ld.o
    0x080000ec   0x080000ec   0x00000008   Code   RO          689  * !!!main             c_w.l(__main.o)
    0x080000f4   0x080000f4   0x00000034   Code   RO          970    !!!scatter          c_w.l(__scatter.o)
    0x08000128   0x08000128   0x0000001a   Code   RO          972    !!handler_copy      c_w.l(__scatter_copy.o)
    0x08000142   0x08000142   0x00000002   PAD
    0x08000144   0x08000144   0x0000001c   Code   RO          974    !!handler_zi        c_w.l(__scatter_zi.o)
    0x08000160   0x08000160   0x00000000   Code   RO          686    .ARM.Collect$$_printf_percent$$00000000  c_w.l(_printf_percent.o)
    0x08000160   0x08000160   0x00000006   Code   RO          685    .ARM.Collect$$_printf_percent$$00000003  c_w.l(_printf_f.o)
    0x08000166   0x08000166   0x00000004   Code   RO          732    .ARM.Collect$$_printf_percent$$00000017  c_w.l(_printf_percent_end.o)
    0x0800016a   0x0800016a   0x00000002   Code   RO          833    .ARM.Collect$$libinit$$00000000  c_w.l(libinit.o)
    0x0800016c   0x0800016c   0x00000000   Code   RO          835    .ARM.Collect$$libinit$$00000002  c_w.l(libinit2.o)
    0x0800016c   0x0800016c   0x00000000   Code   RO          837    .ARM.Collect$$libinit$$00000004  c_w.l(libinit2.o)
    0x0800016c   0x0800016c   0x00000000   Code   RO          839    .ARM.Collect$$libinit$$00000006  c_w.l(libinit2.o)
    0x0800016c   0x0800016c   0x00000000   Code   RO          842    .ARM.Collect$$libinit$$0000000C  c_w.l(libinit2.o)
    0x0800016c   0x0800016c   0x00000000   Code   RO          844    .ARM.Collect$$libinit$$0000000E  c_w.l(libinit2.o)
    0x0800016c   0x0800016c   0x00000000   Code   RO          846    .ARM.Collect$$libinit$$00000010  c_w.l(libinit2.o)
    0x0800016c   0x0800016c   0x00000006   Code   RO          847    .ARM.Collect$$libinit$$00000011  c_w.l(libinit2.o)
    0x08000172   0x08000172   0x00000000   Code   RO          849    .ARM.Collect$$libinit$$00000013  c_w.l(libinit2.o)
    0x08000172   0x08000172   0x00000000   Code   RO          851    .ARM.Collect$$libinit$$00000015  c_w.l(libinit2.o)
    0x08000172   0x08000172   0x00000000   Code   RO          853    .ARM.Collect$$libinit$$00000017  c_w.l(libinit2.o)
    0x08000172   0x08000172   0x0000000a   Code   RO          854    .ARM.Collect$$libinit$$00000018  c_w.l(libinit2.o)
    0x0800017c   0x0800017c   0x00000000   Code   RO          855    .ARM.Collect$$libinit$$00000019  c_w.l(libinit2.o)
    0x0800017c   0x0800017c   0x00000000   Code   RO          857    .ARM.Collect$$libinit$$0000001B  c_w.l(libinit2.o)
    0x0800017c   0x0800017c   0x00000000   Code   RO          859    .ARM.Collect$$libinit$$0000001D  c_w.l(libinit2.o)
    0x0800017c   0x0800017c   0x00000000   Code   RO          861    .ARM.Collect$$libinit$$0000001F  c_w.l(libinit2.o)
    0x0800017c   0x0800017c   0x00000000   Code   RO          863    .ARM.Collect$$libinit$$00000021  c_w.l(libinit2.o)
    0x0800017c   0x0800017c   0x00000000   Code   RO          865    .ARM.Collect$$libinit$$00000023  c_w.l(libinit2.o)
    0x0800017c   0x0800017c   0x00000000   Code   RO          867    .ARM.Collect$$libinit$$00000025  c_w.l(libinit2.o)
    0x0800017c   0x0800017c   0x00000000   Code   RO          869    .ARM.Collect$$libinit$$00000027  c_w.l(libinit2.o)
    0x0800017c   0x0800017c   0x00000000   Code   RO          873    .ARM.Collect$$libinit$$0000002E  c_w.l(libinit2.o)
    0x0800017c   0x0800017c   0x00000000   Code   RO          875    .ARM.Collect$$libinit$$00000030  c_w.l(libinit2.o)
    0x0800017c   0x0800017c   0x00000000   Code   RO          877    .ARM.Collect$$libinit$$00000032  c_w.l(libinit2.o)
    0x0800017c   0x0800017c   0x00000000   Code   RO          879    .ARM.Collect$$libinit$$00000034  c_w.l(libinit2.o)
    0x0800017c   0x0800017c   0x00000002   Code   RO          880    .ARM.Collect$$libinit$$00000035  c_w.l(libinit2.o)
    0x0800017e   0x0800017e   0x00000002   Code   RO          916    .ARM.Collect$$libshutdown$$00000000  c_w.l(libshutdown.o)
    0x08000180   0x08000180   0x00000000   Code   RO          927    .ARM.Collect$$libshutdown$$00000002  c_w.l(libshutdown2.o)
    0x08000180   0x08000180   0x00000000   Code   RO          929    .ARM.Collect$$libshutdown$$00000004  c_w.l(libshutdown2.o)
    0x08000180   0x08000180   0x00000000   Code   RO          932    .ARM.Collect$$libshutdown$$00000007  c_w.l(libshutdown2.o)
    0x08000180   0x08000180   0x00000000   Code   RO          935    .ARM.Collect$$libshutdown$$0000000A  c_w.l(libshutdown2.o)
    0x08000180   0x08000180   0x00000000   Code   RO          937    .ARM.Collect$$libshutdown$$0000000C  c_w.l(libshutdown2.o)
    0x08000180   0x08000180   0x00000000   Code   RO          940    .ARM.Collect$$libshutdown$$0000000F  c_w.l(libshutdown2.o)
    0x08000180   0x08000180   0x00000002   Code   RO          941    .ARM.Collect$$libshutdown$$00000010  c_w.l(libshutdown2.o)
    0x08000182   0x08000182   0x00000000   Code   RO          721    .ARM.Collect$$rtentry$$00000000  c_w.l(__rtentry.o)
    0x08000182   0x08000182   0x00000000   Code   RO          751    .ARM.Collect$$rtentry$$00000002  c_w.l(__rtentry2.o)
    0x08000182   0x08000182   0x00000006   Code   RO          763    .ARM.Collect$$rtentry$$00000004  c_w.l(__rtentry4.o)
    0x08000188   0x08000188   0x00000000   Code   RO          753    .ARM.Collect$$rtentry$$00000009  c_w.l(__rtentry2.o)
    0x08000188   0x08000188   0x00000004   Code   RO          754    .ARM.Collect$$rtentry$$0000000A  c_w.l(__rtentry2.o)
    0x0800018c   0x0800018c   0x00000000   Code   RO          756    .ARM.Collect$$rtentry$$0000000C  c_w.l(__rtentry2.o)
    0x0800018c   0x0800018c   0x00000008   Code   RO          757    .ARM.Collect$$rtentry$$0000000D  c_w.l(__rtentry2.o)
    0x08000194   0x08000194   0x00000002   Code   RO          881    .ARM.Collect$$rtexit$$00000000  c_w.l(rtexit.o)
    0x08000196   0x08000196   0x00000000   Code   RO          890    .ARM.Collect$$rtexit$$00000002  c_w.l(rtexit2.o)
    0x08000196   0x08000196   0x00000004   Code   RO          891    .ARM.Collect$$rtexit$$00000003  c_w.l(rtexit2.o)
    0x0800019a   0x0800019a   0x00000006   Code   RO          892    .ARM.Collect$$rtexit$$00000004  c_w.l(rtexit2.o)
    0x080001a0   0x080001a0   0x00000040   Code   RO          637  * .text               startup_stm32f10x_ld.o
    0x080001e0   0x080001e0   0x00000028   Code   RO          661    .text               c_w.l(noretval__2sprintf.o)
    0x08000208   0x08000208   0x0000010e   Code   RO          673    .text               c_w.l(__printf_wp.o)
    0x08000316   0x08000316   0x00000006   Code   RO          687    .text               c_w.l(heapauxi.o)
    0x0800031c   0x0800031c   0x00000016   Code   RO          722    .text               c_w.l(_rserrno.o)
    0x08000332   0x08000332   0x0000041c   Code   RO          724    .text               c_w.l(_printf_fp_dec.o)
    0x0800074e   0x0800074e   0x00000002   PAD
    0x08000750   0x08000750   0x00000030   Code   RO          728    .text               c_w.l(_printf_char_common.o)
    0x08000780   0x08000780   0x0000000a   Code   RO          730    .text               c_w.l(_sputc.o)
    0x0800078a   0x0800078a   0x00000002   PAD
    0x0800078c   0x0800078c   0x00000008   Code   RO          768    .text               c_w.l(rt_locale_intlibspace.o)
    0x08000794   0x08000794   0x00000008   Code   RO          773    .text               c_w.l(rt_errno_addr_intlibspace.o)
    0x0800079c   0x0800079c   0x0000008a   Code   RO          775    .text               c_w.l(lludiv10.o)
    0x08000826   0x08000826   0x00000002   PAD
    0x08000828   0x08000828   0x00000080   Code   RO          777    .text               c_w.l(_printf_fp_infnan.o)
    0x080008a8   0x080008a8   0x000000e4   Code   RO          781    .text               c_w.l(bigflt0.o)
    0x0800098c   0x0800098c   0x00000008   Code   RO          817    .text               c_w.l(libspace.o)
    0x08000994   0x08000994   0x0000004a   Code   RO          820    .text               c_w.l(sys_stackheap_outer.o)
    0x080009de   0x080009de   0x00000012   Code   RO          824    .text               c_w.l(exit.o)
    0x080009f0   0x080009f0   0x00000080   Code   RO          826    .text               c_w.l(strcmpv7m.o)
    0x08000a70   0x08000a70   0x0000000c   Code   RO          902    .text               c_w.l(sys_exit.o)
    0x08000a7c   0x08000a7c   0x00000002   Code   RO          917    .text               c_w.l(use_no_semi.o)
    0x08000a7e   0x08000a7e   0x00000000   Code   RO          919    .text               c_w.l(indicate_semi.o)
    0x08000a7e   0x08000a7e   0x00000002   PAD
    0x08000a80   0x08000a80   0x000000d0   Code   RO          138    .text.CTR_READ_ACCEL_MPU6050  i2c_mpu6050.o
    0x08000b50   0x08000b50   0x00000102   Code   RO          120    .text.CTR_Single_Read  i2c.o
    0x08000c52   0x08000c52   0x00000002   PAD
    0x08000c54   0x08000c54   0x000000ec   Code   RO          118    .text.CTR_Single_Write  i2c.o
    0x08000d40   0x08000d40   0x0000004c   Code   RO          170    .text.EXTI0_IRQHandler  interrupt.o
    0x08000d8c   0x08000d8c   0x0000002e   Code   RO          172    .text.EXTI1_IRQHandler  interrupt.o
    0x08000dba   0x08000dba   0x00000002   PAD
    0x08000dbc   0x08000dbc   0x0000000c   Code   RO          233    .text.EXTI_ClearITPendingBit  stm32f10x_exti.o
    0x08000dc8   0x08000dc8   0x0000001e   Code   RO          231    .text.EXTI_GetITStatus  stm32f10x_exti.o
    0x08000de6   0x08000de6   0x00000002   PAD
    0x08000de8   0x08000de8   0x00000068   Code   RO          221    .text.EXTI_Init     stm32f10x_exti.o
    0x08000e50   0x08000e50   0x0000002e   Code   RO          275    .text.GPIO_EXTILineConfig  stm32f10x_gpio.o
    0x08000e7e   0x08000e7e   0x00000002   PAD
    0x08000e80   0x08000e80   0x000000c0   Code   RO          247    .text.GPIO_Init     stm32f10x_gpio.o
    0x08000f40   0x08000f40   0x0000000a   Code   RO          251    .text.GPIO_ReadInputDataBit  stm32f10x_gpio.o
    0x08000f4a   0x08000f4a   0x00000002   PAD
    0x08000f4c   0x08000f4c   0x00000004   Code   RO          261    .text.GPIO_ResetBits  stm32f10x_gpio.o
    0x08000f50   0x08000f50   0x00000004   Code   RO          259    .text.GPIO_SetBits  stm32f10x_gpio.o
    0x08000f54   0x08000f54   0x0000003c   Code   RO          136    .text.I2C_MPU6050_Init  i2c_mpu6050.o
    0x08000f90   0x08000f90   0x0000004e   Code   RO          134    .text.I2C_MPU6050_Setup  i2c_mpu6050.o
    0x08000fde   0x08000fde   0x00000002   PAD
    0x08000fe0   0x08000fe0   0x0000005e   Code   RO          203    .text.NVIC_Init     misc.o
    0x0800103e   0x0800103e   0x00000002   PAD
    0x08001040   0x08001040   0x00000018   Code   RO          408    .text.RCC_APB1PeriphClockCmd  stm32f10x_rcc.o
    0x08001058   0x08001058   0x00000018   Code   RO          406    .text.RCC_APB2PeriphClockCmd  stm32f10x_rcc.o
    0x08001070   0x08001070   0x0000002a   Code   RO          186    .text.SysTick_Handler  systick.o
    0x0800109a   0x0800109a   0x00000002   PAD
    0x0800109c   0x0800109c   0x0000006e   Code   RO          646    .text.SystemCoreClockUpdate  system_stm32f10x.o
    0x0800110a   0x0800110a   0x00000002   PAD
    0x0800110c   0x0800110c   0x00000110   Code   RO          644    .text.SystemInit    system_stm32f10x.o
    0x0800121c   0x0800121c   0x00000012   Code   RO          470    .text.TIM_Cmd       stm32f10x_tim.o
    0x0800122e   0x0800122e   0x00000002   PAD
    0x08001230   0x08001230   0x00000004   Code   RO          598    .text.TIM_GetCounter  stm32f10x_tim.o
    0x08001234   0x08001234   0x00000004   Code   RO          576    .text.TIM_SetCounter  stm32f10x_tim.o
    0x08001238   0x08001238   0x000000aa   Code   RO          438    .text.TIM_TimeBaseInit  stm32f10x_tim.o
    0x080012e2   0x080012e2   0x00000002   PAD
    0x080012e4   0x080012e4   0x000000f6   Code   RO           48    .text.caculate_init_average  main.o
    0x080013da   0x080013da   0x00000002   PAD
    0x080013dc   0x080013dc   0x00000026   Code   RO           74    .text.delay_init    delay.o
    0x08001402   0x08001402   0x00000002   PAD
    0x08001404   0x08001404   0x0000003e   Code   RO           78    .text.delay_ms      delay.o
    0x08001442   0x08001442   0x00000002   PAD
    0x08001444   0x08001444   0x00000032   Code   RO           80    .text.delay_us      delay.o
    0x08001476   0x08001476   0x00000002   PAD
    0x08001478   0x08001478   0x0000000c   Code   RO          190    .text.get_us_count  systick.o
    0x08001484   0x08001484   0x0000005a   Code   RO          102    .text.i2c_init      i2c.o
    0x080014de   0x080014de   0x00000002   PAD
    0x080014e0   0x080014e0   0x000000b2   Code   RO          110    .text.i2c_read      i2c.o
    0x08001592   0x08001592   0x00000002   PAD
    0x08001594   0x08001594   0x0000002c   Code   RO           90    .text.i2c_setup     i2c.o
    0x080015c0   0x080015c0   0x000000b0   Code   RO          108    .text.i2c_write     i2c.o
    0x08001670   0x08001670   0x00000016   Code   RO          168    .text.init_current_status  interrupt.o
    0x08001686   0x08001686   0x00000002   PAD
    0x08001688   0x08001688   0x00000078   Code   RO          174    .text.interrupt_init  interrupt.o
    0x08001700   0x08001700   0x000000a2   Code   RO            6    .text.lcd16x2_clrscr  lcd16x2.o
    0x080017a2   0x080017a2   0x00000002   PAD
    0x080017a4   0x080017a4   0x0000001c   Code   RO           16    .text.lcd16x2_gotoxy  lcd16x2.o
    0x080017c0   0x080017c0   0x000002b8   Code   RO            2    .text.lcd16x2_init  lcd16x2.o
    0x08001a78   0x08001a78   0x0000003c   Code   RO           34    .text.lcd16x2_put_int  lcd16x2.o
    0x08001ab4   0x08001ab4   0x00000128   Code   RO           28    .text.lcd16x2_putc  lcd16x2.o
    0x08001bdc   0x08001bdc   0x0000001c   Code   RO           30    .text.lcd16x2_puts  lcd16x2.o
    0x08001bf8   0x08001bf8   0x0000012a   Code   RO           10    .text.lcd16x2_wait_busy  lcd16x2.o
    0x08001d22   0x08001d22   0x00000002   PAD
    0x08001d24   0x08001d24   0x000000fc   Code   RO           12    .text.lcd16x2_write  lcd16x2.o
    0x08001e20   0x08001e20   0x00000026   Code   RO          151    .text.led_init      led.o
    0x08001e46   0x08001e46   0x00000002   PAD
    0x08001e48   0x08001e48   0x00000380   Code   RO           46    .text.main          main.o
    0x080021c8   0x080021c8   0x00000058   Code   RO          188    .text.systick_init  systick.o
    0x08002220   0x08002220   0x0000000e   Code   RO          157    .text.turn_off_green_led  led.o
    0x0800222e   0x0800222e   0x00000002   PAD
    0x08002230   0x08002230   0x0000000e   Code   RO          159    .text.turn_off_red_led  led.o
    0x0800223e   0x0800223e   0x00000002   PAD
    0x08002240   0x08002240   0x0000000e   Code   RO          153    .text.turn_on_green_led  led.o
    0x0800224e   0x0800224e   0x00000002   PAD
    0x08002250   0x08002250   0x0000000e   Code   RO          155    .text.turn_on_red_led  led.o
    0x0800225e   0x0800225e   0x0000003e   Code   RO          784    CL$$btod_d2e        c_w.l(btod.o)
    0x0800229c   0x0800229c   0x00000046   Code   RO          786    CL$$btod_d2e_denorm_low  c_w.l(btod.o)
    0x080022e2   0x080022e2   0x00000060   Code   RO          785    CL$$btod_d2e_norm_op1  c_w.l(btod.o)
    0x08002342   0x08002342   0x00000002   PAD
    0x08002344   0x08002344   0x00000338   Code   RO          794    CL$$btod_div_common  c_w.l(btod.o)
    0x0800267c   0x0800267c   0x000000dc   Code   RO          791    CL$$btod_e2e        c_w.l(btod.o)
    0x08002758   0x08002758   0x0000002a   Code   RO          788    CL$$btod_ediv       c_w.l(btod.o)
    0x08002782   0x08002782   0x0000002a   Code   RO          787    CL$$btod_emul       c_w.l(btod.o)
    0x080027ac   0x080027ac   0x00000244   Code   RO          793    CL$$btod_mult_common  c_w.l(btod.o)
    0x080029f0   0x080029f0   0x00000028   Code   RO          815    i.__ARM_fpclassify  m_ws.l(fpclassify.o)
    0x08002a18   0x08002a18   0x0000000e   Code   RO          675    i._is_digit         c_w.l(__printf_wp.o)
    0x08002a26   0x08002a26   0x0000002c   Code   RO          718    i.sqrtf             m_ws.l(sqrtf.o)
    0x08002a52   0x08002a52   0x00000002   PAD
    0x08002a54   0x08002a54   0x0000002c   Code   RO          809    locale$$code        c_w.l(lc_numeric_c.o)
    0x08002a80   0x08002a80   0x00000062   Code   RO          691    x$fpl$d2f           fz_ws.l(d2f.o)
    0x08002ae2   0x08002ae2   0x0000002e   Code   RO          694    x$fpl$dflt          fz_ws.l(dflt_clz.o)
    0x08002b10   0x08002b10   0x00000154   Code   RO          699    x$fpl$dmul          fz_ws.l(dmul.o)
    0x08002c64   0x08002c64   0x0000009c   Code   RO          733    x$fpl$dnaninf       fz_ws.l(dnaninf.o)
    0x08002d00   0x08002d00   0x0000000c   Code   RO          735    x$fpl$dretinf       fz_ws.l(dretinf.o)
    0x08002d0c   0x08002d0c   0x000000c4   Code   RO          701    x$fpl$fadd          fz_ws.l(faddsub_clz.o)
    0x08002dd0   0x08002dd0   0x00000054   Code   RO          707    x$fpl$fcmp          fz_ws.l(fcmp.o)
    0x08002e24   0x08002e24   0x00000018   Code   RO          811    x$fpl$fcmpinf       fz_ws.l(fcmpi.o)
    0x08002e3c   0x08002e3c   0x00000184   Code   RO          710    x$fpl$fdiv          fz_ws.l(fdiv.o)
    0x08002fc0   0x08002fc0   0x00000068   Code   RO          737    x$fpl$feqf          fz_ws.l(feqf.o)
    0x08003028   0x08003028   0x00000068   Code   RO          739    x$fpl$fgeqf         fz_ws.l(fgeqf.o)
    0x08003090   0x08003090   0x00000068   Code   RO          741    x$fpl$fleqf         fz_ws.l(fleqf.o)
    0x080030f8   0x080030f8   0x00000102   Code   RO          713    x$fpl$fmul          fz_ws.l(fmul.o)
    0x080031fa   0x080031fa   0x0000008c   Code   RO          743    x$fpl$fnaninf       fz_ws.l(fnaninf.o)
    0x08003286   0x08003286   0x0000000a   Code   RO          745    x$fpl$fretinf       fz_ws.l(fretinf.o)
    0x08003290   0x08003290   0x00000110   Code   RO          747    x$fpl$fsqrt         fz_ws.l(fsqrt.o)
    0x080033a0   0x080033a0   0x000000ea   Code   RO          703    x$fpl$fsub          fz_ws.l(faddsub_clz.o)
    0x0800348a   0x0800348a   0x00000004   Code   RO          715    x$fpl$printf1       fz_ws.l(printf1.o)
    0x0800348e   0x0800348e   0x00000000   Code   RO          749    x$fpl$usenofp       fz_ws.l(usenofp.o)
    0x0800348e   0x0800348e   0x00000002   PAD
    0x08003490   0x08003490   0x00000094   Data   RO          782    .constdata          c_w.l(bigflt0.o)
    0x08003524   0x08003524   0x00000010   Data   RO          649    .rodata.AHBPrescTable  system_stm32f10x.o
    0x08003534   0x08003534   0x0000000f   Data   RO           62    .rodata.str1.1      main.o
    0x08003543   0x08003543   0x00000001   PAD
    0x08003544   0x08003544   0x00000020   Data   RO          969    Region$$Table       anon$$obj.o
    0x08003564   0x08003564   0x0000001c   Data   RO          808    locale$$data        c_w.l(lc_numeric_c.o)


    Execution Region ER_RW (Exec base: 0x20000000, Load base: 0x08003580, Size: 0x00000008, Max: 0xffffffff, ABSOLUTE)

    Exec Addr    Load Addr    Size         Type   Attr      Idx    E Section Name        Object

    0x20000000   0x08003580   0x00000004   Data   RW          648    .data.SystemCoreClock  system_stm32f10x.o
    0x20000004   0x08003584   0x00000004   Data   RW           53    .data.threshold     main.o


    Execution Region ER_ZI (Exec base: 0x20000008, Load base: 0x08003588, Size: 0x000006c8, Max: 0xffffffff, ABSOLUTE)

    Exec Addr    Load Addr    Size         Type   Attr      Idx    E Section Name        Object

    0x20000008        -       0x00000060   Zero   RW          818    .bss                c_w.l(libspace.o)
    0x20000068        -       0x00000001   Zero   RW          140    .bss.CTR_MPU6050_BUF.0  i2c_mpu6050.o
    0x20000069        -       0x00000001   Zero   RW          141    .bss.CTR_MPU6050_BUF.2  i2c_mpu6050.o
    0x2000006a        -       0x00000001   Zero   RW          142    .bss.CTR_MPU6050_BUF.4  i2c_mpu6050.o
    0x2000006b   0x08003588   0x00000001   PAD
    0x2000006c        -       0x00000004   Zero   RW           36    .bss.GPIO_InitStruct  lcd16x2.o
    0x20000070        -       0x00000002   Zero   RW          123    .bss.GPIO_PIN_x     i2c.o
    0x20000072        -       0x00000002   Zero   RW          124    .bss.GPIO_PIN_y     i2c.o
    0x20000074        -       0x00000004   Zero   RW          122    .bss.GPIOx          i2c.o
    0x20000078        -       0x00000004   Zero   RW          125    .bss.RCC_APB2Periph_GPIO_x  i2c.o
    0x2000007c        -       0x00000004   Zero   RW           57    .bss.ave            main.o
    0x20000080        -       0x00000001   Zero   RW           37    .bss.display_cursor_on_off_control  lcd16x2.o
    0x20000081   0x08003588   0x00000003   PAD
    0x20000084        -       0x00000004   Zero   RW           61    .bss.led_green_status  main.o
    0x20000088        -       0x00000004   Zero   RW           55    .bss.maxave         main.o
    0x2000008c        -       0x00000004   Zero   RW           54    .bss.minave         main.o
    0x20000090        -       0x00000010   Zero   RW          143    .bss.mpuData        i2c_mpu6050.o
    0x200000a0        -       0x00000004   Zero   RW           56    .bss.sampling       main.o
    0x200000a4        -       0x00000004   Zero   RW           60    .bss.status         main.o
    0x200000a8        -       0x00000004   Zero   RW          176    .bss.status         interrupt.o
    0x200000ac        -       0x00000004   Zero   RW           58    .bss.step           main.o
    0x200000b0        -       0x00000004   Zero   RW          177    .bss.step           interrupt.o
    0x200000b4   0x08003588   0x00000004   PAD
    0x200000b8        -       0x00000008   Zero   RW          193    .bss.usCount        systick.o
    0x200000c0        -       0x00000004   Zero   RW          192    .bss.usTicks        systick.o
    0x200000c4        -       0x00000004   Zero   RW           50    .bss.x_init         main.o
    0x200000c8        -       0x00000004   Zero   RW           51    .bss.y_init         main.o
    0x200000cc        -       0x00000004   Zero   RW           52    .bss.z_init         main.o
    0x200000d0        -       0x00000200   Zero   RW          635    HEAP                startup_stm32f10x_ld.o
    0x200002d0        -       0x00000400   Zero   RW          634    STACK               startup_stm32f10x_ld.o


==============================================================================

Image component sizes


      Code (inc. data)   RO Data    RW Data    ZI Data      Debug   Object Name

       150          0          0          0          0       2634   delay.o
       982          0          0          0         12       7251   i2c.o
       346          0          0          0         19       1652   i2c_mpu6050.o
       264          0          0          0          8       3364   interrupt.o
      1820          8          0          0          5       8607   lcd16x2.o
        94          0          0          0          0       1999   led.o
      1142         28         15          4         40       4039   main.o
        94          0          0          0          0       3651   misc.o
        64         26        236          0       1536        824   startup_stm32f10x_ld.o
       146          0          0          0          0       3068   stm32f10x_exti.o
       256          0          0          0          0       6254   stm32f10x_gpio.o
        48          0          0          0          0       8598   stm32f10x_rcc.o
       196          0          0          0          0      29259   stm32f10x_tim.o
       382          0         16          4          0       2793   system_stm32f10x.o
       142          0          0          0         12       3530   systick.o

    ----------------------------------------------------------------------
      6174         62        300          8       1640      87523   Object Totals
         0          0         32          0          0          0   (incl. Generated)
        48          0          1          0          8          0   (incl. Padding)

    ----------------------------------------------------------------------

      Code (inc. data)   RO Data    RW Data    ZI Data      Debug   Library Member Name

         8          0          0          0          0         68   __main.o
       284          0          0          0          0        156   __printf_wp.o
         0          0          0          0          0          0   __rtentry.o
        12          0          0          0          0          0   __rtentry2.o
         6          0          0          0          0          0   __rtentry4.o
        52          8          0          0          0          0   __scatter.o
        26          0          0          0          0          0   __scatter_copy.o
        28          0          0          0          0          0   __scatter_zi.o
        48          6          0          0          0         96   _printf_char_common.o
         6          0          0          0          0          0   _printf_f.o
      1052          0          0          0          0        148   _printf_fp_dec.o
       128         16          0          0          0         84   _printf_fp_infnan.o
         0          0          0          0          0          0   _printf_percent.o
         4          0          0          0          0          0   _printf_percent_end.o
        22          0          0          0          0        100   _rserrno.o
        10          0          0          0          0         68   _sputc.o
       228          4        148          0          0         96   bigflt0.o
      1936        128          0          0          0        668   btod.o
        18          0          0          0          0         80   exit.o
         6          0          0          0          0        152   heapauxi.o
         0          0          0          0          0          0   indicate_semi.o
        44         10         28          0          0         76   lc_numeric_c.o
         2          0          0          0          0          0   libinit.o
        18          0          0          0          0          0   libinit2.o
         2          0          0          0          0          0   libshutdown.o
         2          0          0          0          0          0   libshutdown2.o
         8          4          0          0         96         68   libspace.o
       138          0          0          0          0         80   lludiv10.o
        40          6          0          0          0         84   noretval__2sprintf.o
         8          4          0          0          0         68   rt_errno_addr_intlibspace.o
         8          4          0          0          0         68   rt_locale_intlibspace.o
         2          0          0          0          0          0   rtexit.o
        10          0          0          0          0          0   rtexit2.o
       128          0          0          0          0         68   strcmpv7m.o
        12          4          0          0          0         68   sys_exit.o
        74          0          0          0          0         80   sys_stackheap_outer.o
         2          0          0          0          0         68   use_no_semi.o
        98          4          0          0          0         92   d2f.o
        46          0          0          0          0         68   dflt_clz.o
       340         12          0          0          0        104   dmul.o
       156          4          0          0          0         92   dnaninf.o
        12          0          0          0          0         68   dretinf.o
       430          8          0          0          0        168   faddsub_clz.o
        84          0          0          0          0        196   fcmp.o
        24          0          0          0          0         68   fcmpi.o
       388         76          0          0          0         96   fdiv.o
       104          4          0          0          0         84   feqf.o
       104          4          0          0          0         84   fgeqf.o
       104          4          0          0          0         84   fleqf.o
       258          4          0          0          0         84   fmul.o
       140          4          0          0          0         84   fnaninf.o
        10          0          0          0          0         68   fretinf.o
       272        100          0          0          0         88   fsqrt.o
         4          0          0          0          0         68   printf1.o
         0          0          0          0          0          0   usenofp.o
        40          0          0          0          0         68   fpclassify.o
        44          0          0          0          0         80   sqrtf.o

    ----------------------------------------------------------------------
      7046        418        176          0         96       4188   Library Totals
        16          0          0          0          0          0   (incl. Padding)

    ----------------------------------------------------------------------

      Code (inc. data)   RO Data    RW Data    ZI Data      Debug   Library Name

      4372        194        176          0         96       2444   c_w.l
      2574        224          0          0          0       1596   fz_ws.l
        84          0          0          0          0        148   m_ws.l

    ----------------------------------------------------------------------
      7046        418        176          0         96       4188   Library Totals

    ----------------------------------------------------------------------

==============================================================================


      Code (inc. data)   RO Data    RW Data    ZI Data      Debug   

     13220        480        476          8       1736      89159   Grand Totals
     13220        480        476          8       1736      89159   ELF Image Totals
     13220        480        476          8          0          0   ROM Totals

==============================================================================

    Total RO  Size (Code + RO Data)                13696 (  13.38kB)
    Total RW  Size (RW Data + ZI Data)              1744 (   1.70kB)
    Total ROM Size (Code + RO Data + RW Data)      13704 (  13.38kB)

==============================================================================

